******************************************************************************
                  TI ARM Linker PC v15.12.4                    
******************************************************************************
>> Linked Sun Jan 22 13:13:02 2017

OUTPUT FILE NAME:   <DigiPotMSP432P401R.out>
ENTRY POINT SYMBOL: "_c_int00"  address: 00003bc9


MEMORY CONFIGURATION

         name            origin    length      used     unused   attr    fill
----------------------  --------  ---------  --------  --------  ----  --------
  MAIN                  00000000   00040000  00007a04  000385fc  R  X
  INFO                  00200000   00004000  00000000  00004000  R  X
  SRAM_CODE             01000000   00010000  00000000  00010000  RW X
  SRAM_DATA             20000000   00010000  00001259  0000eda7  RW  


SEGMENT ALLOCATION MAP

run origin  load origin   length   init length attrs members
----------  ----------- ---------- ----------- ----- -------
00000000    00000000    00007a0c   00007a0c    r-x
  00000000    00000000    0000003c   0000003c    r-- .resetVecs
  00000040    00000040    000058da   000058da    r-x .text
  0000591c    0000591c    00001d12   00001d12    r-- .const
  00007630    00007630    000003dc   000003dc    r-- .cinit
20000000    20000000    00000f59   00000000    rw-
  20000000    20000000    00000140   00000000    rw- .vecs
  20000140    20000140    00000918   00000000    rw- .bss
  20000a58    20000a58    00000501   00000000    rw- .data
2000fd00    2000fd00    00000300   00000000    rw-
  2000fd00    2000fd00    00000300   00000000    rw- .stack


SECTION ALLOCATION MAP

 output                                  attributes/
section   page    origin      length       input sections
--------  ----  ----------  ----------   ----------------
.text      0    00000040    000058da     
                  00000040    00000430     sysbios.aem4f : BIOS.obj (.text:ti_sysbios_family_arm_m3_Hwi_excDumpRegs__I)
                  00000470    0000034c     ti.targets.arm.rtsarm.aem4f : System.oem4f (.text:xdc_runtime_System_doPrint__I)
                  000007bc    00000324     rtsv7M4_T_le_v4SPD16_eabi.lib : trgdrv.obj (.text)
                  00000ae0    000002ac     sysbios.aem4f : BIOS.obj (.text:ti_sysbios_knl_Semaphore_pend__E)
                  00000d8c    00000264     drivers_MSP432P401R.aem4f : PowerMSP432.oem4f (.text:Power_sleep)
                  00000ff0    00000254     sysbios.aem4f : BIOS.obj (.text:ti_sysbios_heaps_HeapMem_free__E)
                  00001244    00000004     msp432p4xx_driverlib.lib : cpu.o (.text:CPU_wfi)
                  00001248    00000248     sysbios.aem4f : BIOS.obj (.text:ti_sysbios_heaps_HeapMem_alloc__E)
                  00001490    000001fc                   : BIOS.obj (.text:ti_sysbios_family_arm_m3_Hwi_excHandlerMax__I)
                  0000168c    000001a0     msp432p4xx_driverlib.lib : pcm.o (.text:__PCM_setPowerStateAdvanced)
                  0000182c    00000004     tirtosport.aem4f : HwiP_tirtos.oem4f (.text:HwiP_disable)
                  00001830    00000174     sysbios.aem4f : BIOS.obj (.text:ti_sysbios_family_arm_m3_Hwi_excBusFault__I)
                  000019a4    00000004     drivers_MSP432P401R.aem4f : List.oem4f (.text:List_head)
                  000019a8    00000164     sysbios.aem4f : BIOS.obj (.text:ti_sysbios_family_arm_m3_Hwi_excUsageFault__I)
                  00001b0c    00000004     drivers_MSP432P401R.aem4f : List.oem4f (.text:List_next)
                  00001b10    00000148     sysbios.aem4f : BIOS.obj (.text:ti_sysbios_family_arm_m3_Hwi_excMemFault__I)
                  00001c58    00000140     drivers_MSP432P401R.aem4f : GPIOMSP432.oem4f (.text:GPIO_setConfig)
                  00001d98    0000013c     sysbios.aem4f : BIOS.obj (.text:ti_sysbios_heaps_HeapMem_Instance_init__E)
                  00001ed4    00000118     ti.targets.arm.rtsarm.aem4f : Error.oem4f (.text:xdc_runtime_Error_policyDefault__E)
                  00001fec    00000100                                 : Core-mem.oem4f (.text:xdc_runtime_Core_createObject__I)
                  000020ec    000000f8                                 : Startup.oem4f (.text:xdc_runtime_Startup_startMods__I)
                  000021e4    000000f8     empty_pem4f.oem4f (.text:xdc_runtime_System_printfExtend__I)
                  000022dc    000000f0     drivers_MSP432P401R.aem4f : PowerMSP432.oem4f (.text:initPerfControl)
                  000023cc    000000ec     sysbios.aem4f : m3_Hwi_asm.obj (.text:ti_sysbios_family_arm_m3_Hwi_dispatch__I)
                  000024b8    000000ec                   : BIOS.obj (.text:ti_sysbios_knl_Semaphore_post__E)
                  000025a4    000000e0     msp432p4xx_driverlib.lib : cs.o (.text:CS_initClockSignal)
                  00002684    000000dc                              : pcm.o (.text:__PCM_setPowerModeAdvanced)
                  00002760    000000cc     ti.targets.arm.rtsarm.aem4f : Core-smem.oem4f (.text:xdc_runtime_Core_constructObject__I)
                  0000282c    00000004     empty_pem4f.oem4f (.text:ti_sysbios_BIOS_RtsGateProxy_enter__E)
                  00002830    000000bc     sysbios.aem4f : BIOS.obj (.text:ti_sysbios_family_arm_m3_Hwi_excDebugMon__I)
                  000028ec    00000004     empty_pem4f.oem4f (.text:ti_sysbios_BIOS_RtsGateProxy_leave__E)
                  000028f0    000000bc     sysbios.aem4f : BIOS.obj (.text:ti_sysbios_family_arm_m3_Hwi_excHardFault__I)
                  000029ac    00000004     empty_pem4f.oem4f (.text:ti_sysbios_family_arm_m3_TaskSupport_Module__startupDone__S)
                  000029b0    000000b4     sysbios.aem4f : BIOS.obj (.text:ti_sysbios_gates_GateMutex_enter__E)
                  00002a64    00000004     empty_pem4f.oem4f (.text:ti_sysbios_heaps_HeapMem_Module_GateProxy_enter__E)
                  00002a68    000000b4     sysbios.aem4f : BIOS.obj (.text:ti_sysbios_knl_Task_checkStacks__E)
                  00002b1c    000000b0     msp432p4xx_driverlib.lib : pcm.o (.text:__PCM_setCoreVoltageLevelAdvanced)
                  00002bcc    000000ac     main.obj (.text:main)
                  00002c78    000000a8     sysbios.aem4f : BIOS.obj (.text:ti_sysbios_family_arm_msp432_Timer_periodicStub__E)
                  00002d20    000000a0     auto_init.aem4f : auto_init.oem4f (.text)
                  00002dc0    000000a0     ti.targets.arm.rtsarm.aem4f : Text.oem4f (.text:xdc_runtime_Text_putMod__E)
                  00002e60    0000009c     rtsv7M4_T_le_v4SPD16_eabi.lib : memcpy_t2.obj (.text)
                  00002efc    00000004     empty_pem4f.oem4f (.text:ti_sysbios_heaps_HeapMem_Module_GateProxy_leave__E)
                  00002f00    0000009c     sysbios.aem4f : BIOS.obj (.text:ti_sysbios_knl_Semaphore_Instance_init__E)
                  00002f9c    00000004     empty_pem4f.oem4f (.text:ti_sysbios_knl_Clock_TimerProxy_getMaxTicks__E)
                  00002fa0    0000009c     sysbios.aem4f : BIOS.obj (.text:ti_sysbios_knl_Task_postInit__I)
                  0000303c    0000009a     ti.targets.arm.rtsarm.aem4f : Text.oem4f (.text:xdc_runtime_Text_putSite__E)
                  000030d6    00000002     power_tirtos_MSP432P401R.aem4f : PowerMSP432_tirtos.oem4f (.text:PowerMSP432_initPolicy)
                  000030d8    00000094     sysbios.aem4f : BIOS.obj (.text:ti_sysbios_family_arm_m3_Hwi_Instance_init__E)
                  0000316c    00000004     empty_pem4f.oem4f (.text:ti_sysbios_knl_Queue_destruct)
                  00003170    00000094     sysbios.aem4f : BIOS.obj (.text:ti_sysbios_family_arm_m3_Hwi_initNVIC__E)
                  00003204    0000008c                   : m3_TaskSupport_asm.obj (.text:ti_sysbios_family_arm_m3_TaskSupport_buildTaskStack)
                  00003290    00000088                   : BIOS.obj (.text:ti_sysbios_family_arm_msp432_Timer_Module_startup__E)
                  00003318    00000084                   : BIOS.obj (.text:ti_sysbios_family_arm_m3_Hwi_postInit__I)
                  0000339c    0000007c     msp432p4xx_driverlib.lib : pcm.o (.text:PCM_gotoLPM3)
                  00003418    0000007a     rtsv7M4_T_le_v4SPD16_eabi.lib : memset_t2.obj (.text)
                  00003492    00000002                                   : i_div0.obj (.text)
                  00003494    0000006d     ti.targets.arm.rtsarm.aem4f : System.oem4f (.text:xdc_runtime_System_formatNum__I)
                  00003501    00000001     --HOLE-- [fill = 0]
                  00003502    00000006     rtsv7M4_T_le_v4SPD16_eabi.lib : copy_decompress_rle.obj (.text:decompress:rle24)
                  00003508    0000006c     sysbios.aem4f : BIOS.obj (.text:ti_sysbios_knl_Clock_workFunc__E)
                  00003574    00000004     empty_pem4f.oem4f (.text:ti_sysbios_knl_Semaphore_destruct)
                  00003578    0000006c     sysbios.aem4f : BIOS.obj (.text:ti_sysbios_knl_Swi_restoreHwi__E)
                  000035e4    00000004     ti.targets.arm.rtsarm.aem4f : Error.oem4f (.text:xdc_runtime_Error_getSite__E)
                  000035e8    0000006c     sysbios.aem4f : BIOS.obj (.text:ti_sysbios_knl_Task_exit__E)
                  00003654    0000006c     ti.targets.arm.rtsarm.aem4f : Error.oem4f (.text:xdc_runtime_Error_print__E)
                  000036c0    0000006c                                 : Memory.oem4f (.text:xdc_runtime_Memory_alloc__E)
                  0000372c    0000006a     rtsv7M4_T_le_v4SPD16_eabi.lib : copy_decompress_rle.obj (.text)
                  00003796    00000002     empty_pem4f.oem4f (.text:ti_sysbios_BIOS_nullFunc__I)
                  00003798    00000068     rtsv7M4_T_le_v4SPD16_eabi.lib : trgmsg.obj (.text)
                  00003800    00000066     ti.targets.arm.rtsarm.aem4f : Core-mem.oem4f (.text:xdc_runtime_Core_deleteObject__I)
                  00003866    00000002     --HOLE-- [fill = 0]
                  00003868    00000064     sysbios.aem4f : BIOS.obj (.text:ti_sysbios_family_arm_m3_Hwi_dispatchC__I)
                  000038cc    00000062     tirtosport.aem4f : HwiP_tirtos.oem4f (.text:HwiP_create)
                  0000392e    00000002     --HOLE-- [fill = 0]
                  00003930    00000060     sysbios.aem4f : BIOS.obj (.text:ti_sysbios_knl_Task_schedule__I)
                  00003990    0000005c     drivers_MSP432P401R.aem4f : GPIOMSP432.oem4f (.text:GPIO_init)
                  000039ec    00000004     empty_pem4f.oem4f (.text:xdc_runtime_System_Module_GateProxy_enter__E)
                  000039f0    0000005c     sysbios.aem4f : BIOS.obj (.text:ti_sysbios_knl_Swi_run__I)
                  00003a4c    00000004     empty_pem4f.oem4f (.text:xdc_runtime_System_Module_GateProxy_leave__E)
                  00003a50    0000005c     sysbios.aem4f : BIOS.obj (.text:ti_sysbios_knl_Swi_schedule__I)
                  00003aac    00000004     ti.targets.arm.rtsarm.aem4f : System.oem4f (.text:xdc_runtime_System_aprintf_va__F)
                  00003ab0    0000005c     sysbios.aem4f : BIOS.obj (.text:ti_sysbios_knl_Task_Module_startup__E)
                  00003b0c    00000004     ti.targets.arm.rtsarm.aem4f : System.oem4f (.text:xdc_runtime_System_printf_va__F)
                  00003b10    0000005c     sysbios.aem4f : BIOS.obj (.text:ti_sysbios_knl_Task_startCore__E)
                  00003b6c    0000005b     ti.targets.arm.rtsarm.aem4f : Text.oem4f (.text:xdc_runtime_Text_putLab__E)
                  00003bc7    00000001     --HOLE-- [fill = 0]
                  00003bc8    00000058     boot.aem4f : boot.oem4f (.text)
                  00003c20    00000058     empty_pem4f.oem4f (.text:ti_sysbios_family_arm_m3_Hwi_construct)
                  00003c78    00000058     sysbios.aem4f : m3_Hwi_asm_switch.obj (.text:ti_sysbios_family_arm_m3_Hwi_initStacks__E)
                  00003cd0    00000054     drivers_MSP432P401R.aem4f : GPIOMSP432.oem4f (.text:GPIO_hwiIntFxn)
                  00003d24    00000054                               : GPIOMSP432.oem4f (.text:GPIO_setCallback)
                  00003d78    00000054     rtsv7M4_T_le_v4SPD16_eabi.lib : exit.obj (.text)
                  00003dcc    00000004     --HOLE-- [fill = 0]
                  00003dd0    00000054     sysbios.aem4f : BIOS.obj (.text:ti_sysbios_family_arm_msp432_Timer_initDevice__I)
                  00003e24    00000004     --HOLE-- [fill = 0]
                  00003e28    00000054                   : BIOS.obj (.text:ti_sysbios_family_arm_msp432_init_Boot_configureClocksHigh)
                  00003e7c    00000054     ti.targets.arm.rtsarm.aem4f : Assert.oem4f (.text:xdc_runtime_Assert_raise__I)
                  00003ed0    00000050     drivers_MSP432P401R.aem4f : GPIOMSP432.oem4f (.text:GPIO_write)
                  00003f20    00000050     msp432p4xx_driverlib.lib : pcm.o (.text:PCM_shutdownDevice)
                  00003f70    00000050     sysbios.aem4f : BIOS.obj (.text:ti_sysbios_family_arm_m3_Hwi_Module_startup__E)
                  00003fc0    00000050     ti.targets.arm.rtsarm.aem4f : Startup.oem4f (.text:xdc_runtime_Startup_exec__E)
                  00004010    00000050                                 : Text.oem4f (.text:xdc_runtime_Text_visitRope2__I)
                  00004060    0000004c     rtsv7M4_T_le_v4SPD16_eabi.lib : cpy_tbl.obj (.text)
                  000040ac    00000004     --HOLE-- [fill = 0]
                  000040b0    0000004c     sysbios.aem4f : BIOS.obj (.text:ti_sysbios_family_arm_msp432_Timer_start__E)
                  000040fc    00000004     --HOLE-- [fill = 0]
                  00004100    0000004c                   : BIOS.obj (.text:ti_sysbios_heaps_HeapMem_getStats__E)
                  0000414c    00000004     --HOLE-- [fill = 0]
                  00004150    0000004c                   : BIOS.obj (.text:ti_sysbios_knl_Swi_runLoop__I)
                  0000419c    00000004     --HOLE-- [fill = 0]
                  000041a0    0000004c                   : BIOS.obj (.text:ti_sysbios_knl_Task_allBlockedFunction__I)
                  000041ec    00000004     --HOLE-- [fill = 0]
                  000041f0    00000048                   : BIOS.obj (.text:ti_sysbios_family_arm_m3_Hwi_disableInterrupt__E)
                  00004238    00000048                   : BIOS.obj (.text:ti_sysbios_family_arm_m3_Hwi_enableInterrupt__E)
                  00004280    00000048                   : BIOS.obj (.text:ti_sysbios_family_arm_m3_Hwi_excReserved__I)
                  000042c8    00000046     ti.targets.arm.rtsarm.aem4f : Core-params.oem4f (.text:xdc_runtime_Core_assignParams__I)
                  0000430e    00000002     --HOLE-- [fill = 0]
                  00004310    00000044     drivers_MSP432P401R.aem4f : PowerMSP432.oem4f (.text:Power_init)
                  00004354    00000004     --HOLE-- [fill = 0]
                  00004358    00000044     sysbios.aem4f : BIOS.obj (.text:ti_sysbios_family_arm_m3_Hwi_getStackInfo__E)
                  0000439c    00000004     --HOLE-- [fill = 0]
                  000043a0    00000044                   : BIOS.obj (.text:ti_sysbios_knl_Swi_post__E)
                  000043e4    00000044     ti.targets.arm.rtsarm.aem4f : Error.oem4f (.text:xdc_runtime_Error_setX__E)
                  00004428    00000044                                 : SysMin.oem4f (.text:xdc_runtime_SysMin_flush__E)
                  0000446c    00000044                                 : Text.oem4f (.text:xdc_runtime_Text_xprintf__I)
                  000044b0    00000040     msp432p4xx_driverlib.lib : flash.o (.text:FlashCtl_disableReadBuffering)
                  000044f0    00000040     drivers_MSP432P401R.aem4f : PowerMSP432.oem4f (.text:notify)
                  00004530    00000040     rtsv7M4_T_le_v4SPD16_eabi.lib : u_divt2.obj (.text)
                  00004570    00000040     sysbios.aem4f : BIOS.obj (.text:ti_sysbios_family_arm_msp432_Timer_startup__E)
                  000045b0    0000003c     power_tirtos_MSP432P401R.aem4f : PowerMSP432_tirtos.oem4f (.text:PowerMSP432_sleepPolicy)
                  000045ec    0000003c     main.obj (.text:changeResistanceBtnFxn)
                  00004628    0000003c     sysbios.aem4f : BIOS.obj (.text:ti_sysbios_family_arm_m3_Hwi_excSvCall__I)
                  00004664    00000004     --HOLE-- [fill = 0]
                  00004668    0000003c                   : BIOS.obj (.text:ti_sysbios_heaps_HeapMem_init__I)
                  000046a4    00000004     --HOLE-- [fill = 0]
                  000046a8    0000003c                   : BIOS.obj (.text:ti_sysbios_knl_Swi_restore__E)
                  000046e4    00000004     --HOLE-- [fill = 0]
                  000046e8    00000038                   : BIOS.obj (.text:ti_sysbios_family_arm_m3_Hwi_excNoIsr__I)
                  00004720    00000038                   : BIOS.obj (.text:ti_sysbios_knl_Task_processVitalTaskFlag__I)
                  00004758    00000038     ti.targets.arm.rtsarm.aem4f : SysMin.oem4f (.text:xdc_runtime_SysMin_putch__E)
                  00004790    00000038                                 : System.oem4f (.text:xdc_runtime_System_atexit__E)
                  000047c8    00000034     msp432p4xx_driverlib.lib : flash.o (.text:FlashCtl_enableReadBuffering)
                  000047fc    00000004     --HOLE-- [fill = 0]
                  00004800    00000034     sysbios.aem4f : BIOS.obj (.text:ti_sysbios_family_arm_m3_Hwi_Instance_finalize__E)
                  00004834    00000004     --HOLE-- [fill = 0]
                  00004838    00000034                   : BIOS.obj (.text:ti_sysbios_family_arm_m3_Hwi_excNmi__I)
                  0000486c    00000004     --HOLE-- [fill = 0]
                  00004870    00000034                   : BIOS.obj (.text:ti_sysbios_hal_Hwi_checkStack)
                  000048a4    00000034     ti.targets.arm.rtsarm.aem4f : Core-label.oem4f (.text:xdc_runtime_Core_assignLabel__I)
                  000048d8    00000033                                 : Text.oem4f (.text:xdc_runtime_Text_printVisFxn__I)
                  0000490b    00000005     --HOLE-- [fill = 0]
                  00004910    00000032     sysbios.aem4f : BIOS.obj (.text:ti_sysbios_hal_Hwi_initStack)
                  00004942    00000002     --HOLE-- [fill = 0]
                  00004944    00000030     msp432p4xx_driverlib.lib : gpio.o (.text:GPIO_getEnabledInterruptStatus)
                  00004974    00000030                              : gpio.o (.text:GPIO_setAsInputPinWithPullDownResistor)
                  000049a4    00000030                              : gpio.o (.text:GPIO_setAsInputPinWithPullUpResistor)
                  000049d4    00000030     drivers_MSP432P401R.aem4f : GPIOMSP432.oem4f (.text:GPIO_toggle)
                  00004a04    00000030     main.obj (.text:changeWiperDirBtnFxn)
                  00004a34    00000030     empty_pem4f.oem4f (.text:ti_sysbios_BIOS_atExitFunc__I)
                  00004a64    00000030     empty_pem4f.oem4f (.text:ti_sysbios_BIOS_startFunc__I)
                  00004a94    00000004     --HOLE-- [fill = 0]
                  00004a98    00000030     sysbios.aem4f : BIOS.obj (.text:ti_sysbios_family_arm_m3_TaskSupport_start__E)
                  00004ac8    00000030     empty_pem4f.oem4f (.text:ti_sysbios_gates_GateHwi_Object__create__S)
                  00004af8    00000030     empty_pem4f.oem4f (.text:ti_sysbios_gates_GateMutex_Object__create__S)
                  00004b28    00000030     empty_pem4f.oem4f (.text:ti_sysbios_heaps_HeapMem_Object__create__S)
                  00004b58    00000030     empty_pem4f.oem4f (.text:ti_sysbios_knl_Semaphore_construct)
                  00004b88    00000030     sysbios.aem4f : BIOS.obj (.text:ti_sysbios_knl_Semaphore_pendTimeout__I)
                  00004bb8    00000030                   : BIOS.obj (.text:ti_sysbios_knl_Task_unblockI__E)
                  00004be8    00000030     ti.targets.arm.rtsarm.aem4f : SysMin.oem4f (.text:xdc_runtime_SysMin_abort__E)
                  00004c18    00000030                                 : System.oem4f (.text:xdc_runtime_System_processAtExit__E)
                  00004c48    0000002c     msp432p4xx_driverlib.lib : gpio.o (.text:GPIO_setAsInputPin)
                  00004c74    0000002c                              : pcm.o (.text:PCM_getCoreVoltageLevel)
                  00004ca0    0000002c     power_tirtos_MSP432P401R.aem4f : PowerMSP432_tirtos.oem4f (.text:PowerMSP432_updateFreqs)
                  00004ccc    0000002c     empty_pem4f.oem4f (.text:ti_sysbios_knl_Clock_doTick__I)
                  00004cf8    0000002c     empty_pem4f.oem4f (.text:ti_sysbios_knl_Queue_construct)
                  00004d24    00000004     --HOLE-- [fill = 0]
                  00004d28    0000002c     sysbios.aem4f : BIOS.obj (.text:ti_sysbios_knl_Task_restore__E)
                  00004d54    0000002c     ti.targets.arm.rtsarm.aem4f : Text.oem4f (.text:xdc_runtime_Text_cordText__E)
                  00004d80    0000002a     msp432p4xx_driverlib.lib : pcm.o (.text:PCM_getPowerMode)
                  00004daa    0000002a     ti.targets.arm.rtsarm.aem4f : System.oem4f (.text:xdc_runtime_System_putchar__I)
                  00004dd4    00000028     msp432p4xx_driverlib.lib : flash.o (.text:FlashCtl_setWaitState)
                  00004dfc    00000028     drivers_MSP432P401R.aem4f : GPIOMSP432.oem4f (.text:GPIO_enableInt)
                  00004e24    00000028     msp432p4xx_driverlib.lib : pcm.o (.text:PCM_gotoLPM0)
                  00004e4c    00000004     --HOLE-- [fill = 0]
                  00004e50    00000028     sysbios.aem4f : BIOS.obj (.text:ti_sysbios_knl_Swi_Module_startup__E)
                  00004e78    00000026                   : m3_Hwi_asm.obj (.text:ti_sysbios_family_arm_m3_Hwi_pendSV__I)
                  00004e9e    00000026     ti.targets.arm.rtsarm.aem4f : System.oem4f (.text:xdc_runtime_System_avprintf__E)
                  00004ec4    00000024     msp432p4xx_driverlib.lib : cs.o (.text:CS_setDCOCenteredFrequency)
                  00004ee8    00000024                              : gpio.o (.text:GPIO_setAsOutputPin)
                  00004f0c    00000024                              : rtc_c.o (.text:RTC_C_holdClock)
                  00004f30    00000024                              : rtc_c.o (.text:RTC_C_startClock)
                  00004f54    00000024     empty_pem4f.oem4f (.text:ti_sysbios_BIOS_errorRaiseHook__I)
                  00004f78    00000024     empty_pem4f.oem4f (.text:ti_sysbios_BIOS_registerRTSLock__I)
                  00004f9c    00000024     empty_pem4f.oem4f (.text:ti_sysbios_BIOS_removeRTSLock__I)
                  00004fc0    00000024     sysbios.aem4f : BIOS.obj (.text:ti_sysbios_family_arm_msp432_ClockFreqs_setFrequency__E)
                  00004fe4    00000024     empty_pem4f.oem4f (.text:ti_sysbios_gates_GateMutex_Object__delete__S)
                  00005008    00000024     sysbios.aem4f : BIOS.obj (.text:ti_sysbios_knl_Clock_Module_startup__E)
                  0000502c    00000004     --HOLE-- [fill = 0]
                  00005030    00000024                   : BIOS.obj (.text:ti_sysbios_knl_Task_restoreHwi__E)
                  00005054    00000024     ti.targets.arm.rtsarm.aem4f : System.oem4f (.text:xdc_runtime_System_vprintf__E)
                  00005078    00000022     empty_pem4f.oem4f (.text:xdc_runtime_SysMin_output__I)
                  0000509a    00000002     --HOLE-- [fill = 0]
                  0000509c    00000020     msp432p4xx_driverlib.lib : gpio.o (.text:GPIO_interruptEdgeSelect)
                  000050bc    00000020     empty_pem4f.oem4f (.text:ti_sysbios_BIOS_rtsLock__I)
                  000050dc    00000020     sysbios.aem4f : m3_Hwi_asm.obj (.text:ti_sysbios_family_arm_m3_Hwi_excHandlerAsm__I)
                  000050fc    00000004     --HOLE-- [fill = 0]
                  00005100    00000020                   : BIOS.obj (.text:ti_sysbios_family_arm_m3_Hwi_excHandler__I)
                  00005120    00000020     empty_pem4f.oem4f (.text:ti_sysbios_gates_GateHwi_Object__delete__S)
                  00005140    00000020     empty_pem4f.oem4f (.text:ti_sysbios_heaps_HeapMem_Object__delete__S)
                  00005160    00000020     sysbios.aem4f : BIOS.obj (.text:ti_sysbios_knl_Idle_run__E)
                  00005180    00000020     empty_pem4f.oem4f (.text:ti_sysbios_knl_Semaphore_Object__destruct__S)
                  000051a0    00000020     ti.targets.arm.rtsarm.aem4f : Registry.oem4f (.text:xdc_runtime_Registry_findById__E)
                  000051c0    00000020                                 : SysMin.oem4f (.text:xdc_runtime_SysMin_Module_startup__E)
                  000051e0    0000001e     sysbios.aem4f : m3_Hwi_asm_switch.obj (.text:ti_sysbios_family_xxx_Hwi_switchAndRunFunc)
                  000051fe    00000002     --HOLE-- [fill = 0]
                  00005200    0000001c     msp432p4xx_driverlib.lib : pcm.o (.text:PCM_enableRudeMode)
                  0000521c    00000004     --HOLE-- [fill = 0]
                  00005220    0000001c     sysbios.aem4f : BIOS.obj (.text:ti_sysbios_gates_GateMutex_Instance_init__E)
                  0000523c    0000001c     empty_pem4f.oem4f (.text:ti_sysbios_knl_Queue_Object__destruct__S)
                  00005258    0000001c     sysbios.aem4f : BIOS.obj (.text:ti_sysbios_knl_Queue_put__E)
                  00005274    00000004     --HOLE-- [fill = 0]
                  00005278    0000001c                   : BIOS.obj (.text:ti_sysbios_knl_Task_enter__I)
                  00005294    0000001c     ti.targets.arm.rtsarm.aem4f : Error.oem4f (.text:xdc_runtime_Error_raiseX__E)
                  000052b0    0000001c                                 : Memory.oem4f (.text:xdc_runtime_Memory_valloc__E)
                  000052cc    0000001c                                 : SysMin.oem4f (.text:xdc_runtime_SysMin_exit__E)
                  000052e8    0000001c                                 : System.oem4f (.text:xdc_runtime_System_abort__E)
                  00005304    0000001a     empty_pem4f.oem4f (.text:ti_sysbios_family_arm_m3_Hwi_Handle__label__S)
                  0000531e    0000001a     empty_pem4f.oem4f (.text:ti_sysbios_gates_GateHwi_Handle__label__S)
                  00005338    0000001a     empty_pem4f.oem4f (.text:ti_sysbios_gates_GateMutex_Handle__label__S)
                  00005352    0000001a     empty_pem4f.oem4f (.text:ti_sysbios_heaps_HeapMem_Handle__label__S)
                  0000536c    0000001a     empty_pem4f.oem4f (.text:ti_sysbios_knl_Swi_Handle__label__S)
                  00005386    0000001a     empty_pem4f.oem4f (.text:ti_sysbios_knl_Task_Handle__label__S)
                  000053a0    0000001a     empty_pem4f.oem4f (.text:xdc_runtime_System_aprintf__E)
                  000053ba    0000001a     empty_pem4f.oem4f (.text:xdc_runtime_System_printf__E)
                  000053d4    00000018     msp432p4xx_driverlib.lib : gpio.o (.text:GPIO_clearInterruptFlag)
                  000053ec    00000018                              : gpio.o (.text:GPIO_setDriveStrengthLow)
                  00005404    00000018                              : gpio.o (.text:GPIO_setOutputLowOnPin)
                  0000541c    00000018                              : wdt_a.o (.text:WDT_A_holdTimer)
                  00005434    00000018     rtsv7M4_T_le_v4SPD16_eabi.lib : args_main.obj (.text)
                  0000544c    00000018     empty_pem4f.oem4f (.text:ti_sysbios_BIOS_rtsUnlock__I)
                  00005464    00000018     empty_pem4f.oem4f (.text:ti_sysbios_family_arm_m3_Hwi_Module__startupDone__F)
                  0000547c    00000018     sysbios.aem4f : m3_TaskSupport_asm.obj (.text:ti_sysbios_family_arm_m3_TaskSupport_swap__E)
                  00005494    00000018     empty_pem4f.oem4f (.text:ti_sysbios_family_arm_msp432_Timer_Module__startupDone__F)
                  000054ac    00000004     --HOLE-- [fill = 0]
                  000054b0    00000018     sysbios.aem4f : BIOS.obj (.text:ti_sysbios_gates_GateMutex_leave__E)
                  000054c8    00000018     ti.targets.arm.rtsarm.aem4f : Error.oem4f (.text:xdc_runtime_Error_check__E)
                  000054e0    00000018                                 : System.oem4f (.text:xdc_runtime_System_exit__E)
                  000054f8    00000018                                 : Text.oem4f (.text:xdc_runtime_Text_ropeText__E)
                  00005510    00000016     empty_pem4f.oem4f (.text:ti_sysbios_BIOS_exitFunc__I)
                  00005526    00000002     --HOLE-- [fill = 0]
                  00005528    00000014     msp432p4xx_driverlib.lib : gpio.o (.text:GPIO_enableInterrupt)
                  0000553c    00000014                              : gpio.o (.text:GPIO_setDriveStrengthHigh)
                  00005550    00000014                              : gpio.o (.text:GPIO_setOutputHighOnPin)
                  00005564    00000014                              : gpio.o (.text:GPIO_toggleOutputOnPin)
                  00005578    00000014     drivers_MSP432P401R.aem4f : PowerMSP432.oem4f (.text:Power_idleFunc)
                  0000558c    00000014     msp432p4xx_driverlib.lib : wdt_a.o (.text:WDT_A_startTimer)
                  000055a0    00000014     rtsv7M4_T_le_v4SPD16_eabi.lib : _lock.obj (.text)
                  000055b4    00000014                                   : strcpy.obj (.text)
                  000055c8    00000014                                   : strlen.obj (.text)
                  000055dc    00000014     empty_pem4f.oem4f (.text:ti_sysbios_family_arm_m3_Hwi_Object__get__S)
                  000055f0    00000014     sysbios.aem4f : BIOS.obj (.text:ti_sysbios_family_arm_m3_Hwi_switchFromBootStack__E)
                  00005604    00000014     empty_pem4f.oem4f (.text:ti_sysbios_heaps_HeapMem_Object__get__S)
                  00005618    00000014     empty_pem4f.oem4f (.text:ti_sysbios_knl_Swi_Object__get__S)
                  0000562c    00000004     --HOLE-- [fill = 0]
                  00005630    00000012     sysbios.aem4f : BIOS.obj (.text:ti_sysbios_hal_Hwi_Module_startup__E)
                  00005642    00000012     empty_pem4f.oem4f (.text:xdc_runtime_Startup_exec__I)
                  00005654    00000010     msp432p4xx_driverlib.lib : gpio.o (.text:GPIO_getInterruptStatus)
                  00005664    00000010                              : pcm.o (.text:PCM_gotoLPM4)
                  00005674    00000004     --HOLE-- [fill = 0]
                  00005678    00000010     sysbios.aem4f : BIOS.obj (.text:ti_sysbios_BIOS_setCpuFreq__E)
                  00005688    00000010                   : BIOS.obj (.text:ti_sysbios_BIOS_setThreadType__E)
                  00005698    00000010                   : BIOS.obj (.text:ti_sysbios_BIOS_start__E)
                  000056a8    00000010                   : m3_TaskSupport_asm.obj (.text:ti_sysbios_family_arm_m3_TaskSupport_glue)
                  000056b8    00000010                   : BIOS.obj (.text:ti_sysbios_family_arm_msp432_init_Boot_disableWatchdog)
                  000056c8    00000010                   : BIOS.obj (.text:ti_sysbios_gates_GateMutex_Instance_finalize__E)
                  000056d8    00000010                   : BIOS.obj (.text:ti_sysbios_knl_Semaphore_Instance_finalize__E)
                  000056e8    00000010                   : BIOS.obj (.text:ti_sysbios_knl_Swi_disable__E)
                  000056f8    00000010     empty_pem4f.oem4f (.text:ti_sysbios_knl_Task_Object__get__S)
                  00005708    00000010     sysbios.aem4f : BIOS.obj (.text:ti_sysbios_knl_Task_disable__E)
                  00005718    00000010     ti.targets.arm.rtsarm.aem4f : Gate.oem4f (.text:xdc_runtime_Gate_leaveSystem__E)
                  00005728    00000010                                 : Memory.oem4f (.text:xdc_runtime_Memory_free__E)
                  00005738    00000010                                 : SysMin.oem4f (.text:xdc_runtime_SysMin_ready__E)
                  00005748    00000010                                 : System.oem4f (.text:xdc_runtime_System_vsnprintf__E)
                  00005758    00000010     empty_pem4f.oem4f (.text:xdc_runtime_Text_visitRope__I)
                  00005768    0000000e     tirtosport.aem4f : HwiP_tirtos.oem4f (.text:HwiP_Params_init)
                  00005776    0000000e     rtsv7M4_T_le_v4SPD16_eabi.lib : copy_decompress_none.obj (.text:decompress:none)
                  00005784    00000004     --HOLE-- [fill = 0]
                  00005788    0000000e     sysbios.aem4f : BIOS.obj (.text:ti_sysbios_knl_Idle_loop__E)
                  00005796    00000002     --HOLE-- [fill = 0]
                  00005798    0000000e                   : BIOS.obj (.text:ti_sysbios_knl_Queue_empty__E)
                  000057a6    0000000c     empty_pem4f.oem4f (.text:.bootCodeSection:ti_sysbios_family_arm_msp432_init_Boot_init__I)
                  000057b2    0000000c     msp432p4xx_driverlib.lib : cpu.o (.text:CPU_cpsid)
                  000057be    0000000c                              : cpu.o (.text:CPU_cpsie)
                  000057ca    00000002     --HOLE-- [fill = 0]
                  000057cc    0000000c                              : pcm.o (.text:PCM_getPowerState)
                  000057d8    0000000c     drivers_MSP432P401R.aem4f : PowerMSP432.oem4f (.text:Power_getConstraintMask)
                  000057e4    0000000c     empty_pem4f.oem4f (.text:ti_sysbios_family_arm_m3_Hwi_Params__init__S)
                  000057f0    0000000c     sysbios.aem4f : BIOS.obj (.text:ti_sysbios_family_arm_m3_Hwi_disableFxn__E)
                  000057fc    00000004     --HOLE-- [fill = 0]
                  00005800    0000000c                   : BIOS.obj (.text:ti_sysbios_family_arm_m3_TaskSupport_checkStack__E)
                  0000580c    00000004     --HOLE-- [fill = 0]
                  00005810    0000000c                   : BIOS.obj (.text:ti_sysbios_family_arm_msp432_Timer_getMaxTicks__E)
                  0000581c    00000004     --HOLE-- [fill = 0]
                  00005820    0000000c                   : BIOS.obj (.text:ti_sysbios_gates_GateHwi_enter__E)
                  0000582c    0000000c     empty_pem4f.oem4f (.text:ti_sysbios_knl_Queue_Object__get__S)
                  00005838    0000000c     ti.targets.arm.rtsarm.aem4f : Error.oem4f (.text:xdc_runtime_Error_init__E)
                  00005844    0000000c                                 : Gate.oem4f (.text:xdc_runtime_Gate_enterSystem__E)
                  00005850    0000000c                                 : Memory.oem4f (.text:xdc_runtime_Memory_calloc__E)
                  0000585c    0000000c                                 : Memory.oem4f (.text:xdc_runtime_Memory_getMaxDefaultTypeAlign__E)
                  00005868    0000000c                                 : Startup.oem4f (.text:xdc_runtime_Startup_rtsDone__E)
                  00005874    0000000a     empty_pem4f.oem4f (.text:xdc_runtime_IHeap_alloc)
                  0000587e    0000000a     empty_pem4f.oem4f (.text:xdc_runtime_IHeap_free)
                  00005888    00000008     MSP_EXP432P401R.obj (.text:MSP_EXP432P401R_initGPIO)
                  00005890    00000008     MSP_EXP432P401R.obj (.text:MSP_EXP432P401R_initGeneral)
                  00005898    00000008     msp432p4xx_driverlib.lib : pcm.o (.text:PCM_setPowerMode)
                  000058a0    00000008                              : pcm.o (.text:PCM_setPowerState)
                  000058a8    00000008     sysbios.aem4f : BIOS.obj (.text:ti_sysbios_family_arm_m3_Hwi_doSwiRestore__I)
                  000058b0    00000008                   : BIOS.obj (.text:ti_sysbios_family_arm_m3_Hwi_startup__E)
                  000058b8    00000006                   : BIOS.obj (.text:ti_sysbios_family_arm_m3_Hwi_doTaskRestore__I)
                  000058be    00000002     --HOLE-- [fill = 0]
                  000058c0    00000006                   : BIOS.obj (.text:ti_sysbios_family_arm_m3_Hwi_restoreFxn__E)
                  000058c6    00000002     --HOLE-- [fill = 0]
                  000058c8    00000006                   : BIOS.obj (.text:ti_sysbios_gates_GateHwi_leave__E)
                  000058ce    00000002     --HOLE-- [fill = 0]
                  000058d0    00000006                   : BIOS.obj (.text:ti_sysbios_heaps_HeapMem_isBlocking__E)
                  000058d6    00000002     --HOLE-- [fill = 0]
                  000058d8    00000006                   : BIOS.obj (.text:ti_sysbios_knl_Queue_Instance_init__E)
                  000058de    00000002     --HOLE-- [fill = 0]
                  000058e0    00000006                   : BIOS.obj (.text:ti_sysbios_knl_Swi_startup__E)
                  000058e6    00000006     ti.targets.arm.rtsarm.aem4f : System.oem4f (.text:xdc_runtime_System_Module_startup__E)
                  000058ec    00000004     --HOLE-- [fill = 0]
                  000058f0    00000004     sysbios.aem4f : BIOS.obj (.text:ti_sysbios_gates_GateHwi_query__E)
                  000058f4    00000004     --HOLE-- [fill = 0]
                  000058f8    00000004                   : BIOS.obj (.text:ti_sysbios_gates_GateMutex_query__E)
                  000058fc    00000004     --HOLE-- [fill = 0]
                  00005900    00000004                   : BIOS.obj (.text:ti_sysbios_knl_Task_startup__E)
                  00005904    00000004     --HOLE-- [fill = 0]
                  00005908    00000002                   : BIOS.obj (.text:ti_sysbios_BIOS_linkedWithIncorrectBootLibrary__E)
                  0000590a    00000006     --HOLE-- [fill = 0]
                  00005910    00000002                   : BIOS.obj (.text:ti_sysbios_gates_GateHwi_Instance_init__E)
                  00005912    00000006     --HOLE-- [fill = 0]
                  00005918    00000002                   : BIOS.obj (.text:ti_sysbios_knl_Clock_logTick__E)

.const     0    0000591c    00001d12     
                  0000591c    0000181b     empty_pem4f.oem4f (.const:xdc_runtime_Text_charTab__A)
                  00007137    00000001     empty_pem4f.oem4f (.const:xdc_runtime_Error_policy__C)
                  00007138    000000b0     empty_pem4f.oem4f (.const:xdc_runtime_Text_nodeTab__A)
                  000071e8    00000048     empty_pem4f.oem4f (.const:.string)
                  00007230    00000030     empty_pem4f.oem4f (.const:ti_sysbios_family_arm_m3_Hwi_Object__PARAMS__C)
                  00007260    00000028     empty_pem4f.oem4f (.const:ti_sysbios_heaps_HeapMem_Module__FXNS__C)
                  00007288    00000024     empty_pem4f.oem4f (.const:ti_sysbios_gates_GateHwi_Module__FXNS__C)
                  000072ac    00000024     empty_pem4f.oem4f (.const:ti_sysbios_gates_GateMutex_Module__FXNS__C)
                  000072d0    00000024     empty_pem4f.oem4f (.const:ti_sysbios_heaps_HeapMem_Object__PARAMS__C)
                  000072f4    00000024     empty_pem4f.oem4f (.const:ti_sysbios_knl_Semaphore_Object__PARAMS__C)
                  00007318    00000020     empty_pem4f.oem4f (.const:ti_sysbios_family_arm_m3_Hwi_Object__DESC__C)
                  00007338    00000020     empty_pem4f.oem4f (.const:ti_sysbios_gates_GateHwi_Object__DESC__C)
                  00007358    00000020     empty_pem4f.oem4f (.const:ti_sysbios_gates_GateMutex_Object__DESC__C)
                  00007378    00000020     empty_pem4f.oem4f (.const:ti_sysbios_heaps_HeapMem_Object__DESC__C)
                  00007398    00000020     empty_pem4f.oem4f (.const:ti_sysbios_knl_Queue_Object__DESC__C)
                  000073b8    00000020     empty_pem4f.oem4f (.const:ti_sysbios_knl_Semaphore_Object__DESC__C)
                  000073d8    00000020     empty_pem4f.oem4f (.const:xdc_runtime_Startup_sfxnTab__A)
                  000073f8    00000018     empty_pem4f.oem4f (.const:ti_sysbios_gates_GateHwi_Object__PARAMS__C)
                  00007410    00000018     empty_pem4f.oem4f (.const:ti_sysbios_gates_GateMutex_Object__PARAMS__C)
                  00007428    00000018     empty_pem4f.oem4f (.const:ti_sysbios_knl_Queue_Object__PARAMS__C)
                  00007440    00000014     MSP_EXP432P401R.obj (.const:GPIOMSP432_config)
                  00007454    00000010     MSP_EXP432P401R.obj (.const:PowerMSP432_config)
                  00007464    00000010     empty_pem4f.oem4f (.const:xdc_runtime_Startup_sfxnRts__A)
                  00007474    0000000c     drivers_MSP432P401R.aem4f : GPIOMSP432.oem4f (.const:.string)
                  00007480    0000000c     empty_pem4f.oem4f (.const:xdc_runtime_Startup_firstFxns__A)
                  0000748c    00000008     empty_pem4f.oem4f (.const:ti_sysbios_family_arm_m3_Hwi_excHookFuncs__A)
                  00007494    00000008     empty_pem4f.oem4f (.const:ti_sysbios_knl_Idle_funcList__A)
                  0000749c    00000008     empty_pem4f.oem4f (.const:ti_sysbios_knl_Idle_funcList__C)
                  000074a4    00000008     empty_pem4f.oem4f (.const:xdc_runtime_Startup_firstFxns__C)
                  000074ac    00000008     empty_pem4f.oem4f (.const:xdc_runtime_Startup_lastFxns__C)
                  000074b4    00000004     empty_pem4f.oem4f (.const:ti_sysbios_family_arm_m3_Hwi_E_NMI__C)
                  000074b8    00000004     empty_pem4f.oem4f (.const:ti_sysbios_family_arm_m3_Hwi_E_alreadyDefined__C)
                  000074bc    00000004     empty_pem4f.oem4f (.const:ti_sysbios_family_arm_m3_Hwi_E_busFault__C)
                  000074c0    00000004     empty_pem4f.oem4f (.const:ti_sysbios_family_arm_m3_Hwi_E_debugMon__C)
                  000074c4    00000004     empty_pem4f.oem4f (.const:ti_sysbios_family_arm_m3_Hwi_E_hardFault__C)
                  000074c8    00000004     empty_pem4f.oem4f (.const:ti_sysbios_family_arm_m3_Hwi_E_memFault__C)
                  000074cc    00000004     empty_pem4f.oem4f (.const:ti_sysbios_family_arm_m3_Hwi_E_noIsr__C)
                  000074d0    00000004     empty_pem4f.oem4f (.const:ti_sysbios_family_arm_m3_Hwi_E_reserved__C)
                  000074d4    00000004     empty_pem4f.oem4f (.const:ti_sysbios_family_arm_m3_Hwi_E_svCall__C)
                  000074d8    00000004     empty_pem4f.oem4f (.const:ti_sysbios_family_arm_m3_Hwi_E_usageFault__C)
                  000074dc    00000004     empty_pem4f.oem4f (.const:ti_sysbios_family_arm_m3_Hwi_NUM_INTERRUPTS__C)
                  000074e0    00000004     empty_pem4f.oem4f (.const:ti_sysbios_family_arm_m3_Hwi_Object__count__C)
                  000074e4    00000004     empty_pem4f.oem4f (.const:ti_sysbios_family_arm_m3_Hwi_ccr__C)
                  000074e8    00000004     empty_pem4f.oem4f (.const:ti_sysbios_family_arm_m3_Hwi_excHandlerFunc__C)
                  000074ec    00000004     empty_pem4f.oem4f (.const:ti_sysbios_family_arm_m3_Hwi_excHookFuncs__C)
                  000074f0    00000004     empty_pem4f.oem4f (.const:ti_sysbios_family_arm_m3_Hwi_nullIsrFunc__C)
                  000074f4    00000004     empty_pem4f.oem4f (.const:ti_sysbios_family_arm_m3_Hwi_priGroup__C)
                  000074f8    00000004     empty_pem4f.oem4f (.const:ti_sysbios_family_arm_msp432_Timer_numTimerDevices__C)
                  000074fc    00000004     empty_pem4f.oem4f (.const:ti_sysbios_family_arm_msp432_Timer_startupNeeded__C)
                  00007500    00000004     empty_pem4f.oem4f (.const:ti_sysbios_gates_GateMutex_A_badContext__C)
                  00007504    00000004     empty_pem4f.oem4f (.const:ti_sysbios_gates_GateMutex_Instance_State_sem__O)
                  00007508    00000004     empty_pem4f.oem4f (.const:ti_sysbios_gates_GateMutex_Module__diagsEnabled__C)
                  0000750c    00000004     empty_pem4f.oem4f (.const:ti_sysbios_gates_GateMutex_Module__diagsIncluded__C)
                  00007510    00000004     empty_pem4f.oem4f (.const:ti_sysbios_gates_GateMutex_Module__diagsMask__C)
                  00007514    00000004     empty_pem4f.oem4f (.const:ti_sysbios_hal_Hwi_E_stackOverflow__C)
                  00007518    00000004     empty_pem4f.oem4f (.const:ti_sysbios_heaps_HeapMem_A_align__C)
                  0000751c    00000004     empty_pem4f.oem4f (.const:ti_sysbios_heaps_HeapMem_A_heapSize__C)
                  00007520    00000004     empty_pem4f.oem4f (.const:ti_sysbios_heaps_HeapMem_A_invalidFree__C)
                  00007524    00000004     empty_pem4f.oem4f (.const:ti_sysbios_heaps_HeapMem_A_zeroBlock__C)
                  00007528    00000004     empty_pem4f.oem4f (.const:ti_sysbios_heaps_HeapMem_E_memory__C)
                  0000752c    00000004     empty_pem4f.oem4f (.const:ti_sysbios_heaps_HeapMem_Module__diagsEnabled__C)
                  00007530    00000004     empty_pem4f.oem4f (.const:ti_sysbios_heaps_HeapMem_Module__diagsIncluded__C)
                  00007534    00000004     empty_pem4f.oem4f (.const:ti_sysbios_heaps_HeapMem_Module__diagsMask__C)
                  00007538    00000004     empty_pem4f.oem4f (.const:ti_sysbios_heaps_HeapMem_Module__gateObj__C)
                  0000753c    00000004     empty_pem4f.oem4f (.const:ti_sysbios_heaps_HeapMem_Object__count__C)
                  00007540    00000004     empty_pem4f.oem4f (.const:ti_sysbios_heaps_HeapMem_reqAlign__C)
                  00007544    00000004     empty_pem4f.oem4f (.const:ti_sysbios_knl_Clock_Module_State_clockQ__O)
                  00007548    00000004     empty_pem4f.oem4f (.const:ti_sysbios_knl_Semaphore_A_badContext__C)
                  0000754c    00000004     empty_pem4f.oem4f (.const:ti_sysbios_knl_Semaphore_A_noEvents__C)
                  00007550    00000004     empty_pem4f.oem4f (.const:ti_sysbios_knl_Semaphore_A_overflow__C)
                  00007554    00000004     empty_pem4f.oem4f (.const:ti_sysbios_knl_Semaphore_A_pendTaskDisabled__C)
                  00007558    00000004     empty_pem4f.oem4f (.const:ti_sysbios_knl_Semaphore_Instance_State_pendQ__O)
                  0000755c    00000004     empty_pem4f.oem4f (.const:ti_sysbios_knl_Semaphore_Module__diagsEnabled__C)
                  00007560    00000004     empty_pem4f.oem4f (.const:ti_sysbios_knl_Semaphore_Module__diagsIncluded__C)
                  00007564    00000004     empty_pem4f.oem4f (.const:ti_sysbios_knl_Semaphore_Module__diagsMask__C)
                  00007568    00000004     empty_pem4f.oem4f (.const:ti_sysbios_knl_Swi_Object__count__C)
                  0000756c    00000004     empty_pem4f.oem4f (.const:ti_sysbios_knl_Task_E_spOutOfBounds__C)
                  00007570    00000004     empty_pem4f.oem4f (.const:ti_sysbios_knl_Task_E_stackOverflow__C)
                  00007574    00000004     empty_pem4f.oem4f (.const:ti_sysbios_knl_Task_Module_State_inactiveQ__O)
                  00007578    00000004     empty_pem4f.oem4f (.const:ti_sysbios_knl_Task_Object__count__C)
                  0000757c    00000004     empty_pem4f.oem4f (.const:ti_sysbios_knl_Task_allBlockedFunc__C)
                  00007580    00000004     empty_pem4f.oem4f (.const:ti_sysbios_knl_Task_numConstructedTasks__C)
                  00007584    00000004     empty_pem4f.oem4f (.const:xdc_runtime_Assert_E_assertFailed__C)
                  00007588    00000004     empty_pem4f.oem4f (.const:xdc_runtime_Core_A_initializedParams__C)
                  0000758c    00000004     empty_pem4f.oem4f (.const:xdc_runtime_Core_Module__diagsEnabled__C)
                  00007590    00000004     empty_pem4f.oem4f (.const:xdc_runtime_Core_Module__diagsIncluded__C)
                  00007594    00000004     empty_pem4f.oem4f (.const:xdc_runtime_Core_Module__diagsMask__C)
                  00007598    00000004     empty_pem4f.oem4f (.const:xdc_runtime_Error_E_memory__C)
                  0000759c    00000004     empty_pem4f.oem4f (.const:xdc_runtime_Error_Module__diagsEnabled__C)
                  000075a0    00000004     empty_pem4f.oem4f (.const:xdc_runtime_Error_Module__diagsIncluded__C)
                  000075a4    00000004     empty_pem4f.oem4f (.const:xdc_runtime_Error_Module__diagsMask__C)
                  000075a8    00000004     empty_pem4f.oem4f (.const:xdc_runtime_Error_Module__loggerFxn8__C)
                  000075ac    00000004     empty_pem4f.oem4f (.const:xdc_runtime_Error_Module__loggerObj__C)
                  000075b0    00000004     empty_pem4f.oem4f (.const:xdc_runtime_Error_policyFxn__C)
                  000075b4    00000004     empty_pem4f.oem4f (.const:xdc_runtime_Error_raiseHook__C)
                  000075b8    00000004     empty_pem4f.oem4f (.const:xdc_runtime_IGateProvider_Interface__BASE__C)
                  000075bc    00000004     empty_pem4f.oem4f (.const:xdc_runtime_IHeap_Interface__BASE__C)
                  000075c0    00000004     empty_pem4f.oem4f (.const:xdc_runtime_IModule_Interface__BASE__C)
                  000075c4    00000004     empty_pem4f.oem4f (.const:xdc_runtime_Log_L_error__C)
                  000075c8    00000004     empty_pem4f.oem4f (.const:xdc_runtime_Memory_defaultHeapInstance__C)
                  000075cc    00000004     empty_pem4f.oem4f (.const:xdc_runtime_Startup_execImpl__C)
                  000075d0    00000004     empty_pem4f.oem4f (.const:xdc_runtime_Startup_maxPasses__C)
                  000075d4    00000004     empty_pem4f.oem4f (.const:xdc_runtime_Startup_sfxnRts__C)
                  000075d8    00000004     empty_pem4f.oem4f (.const:xdc_runtime_Startup_sfxnTab__C)
                  000075dc    00000004     empty_pem4f.oem4f (.const:xdc_runtime_SysMin_bufSize__C)
                  000075e0    00000004     empty_pem4f.oem4f (.const:xdc_runtime_SysMin_outputFunc__C)
                  000075e4    00000004     empty_pem4f.oem4f (.const:xdc_runtime_System_Module__gateObj__C)
                  000075e8    00000004     empty_pem4f.oem4f (.const:xdc_runtime_System_abortFxn__C)
                  000075ec    00000004     empty_pem4f.oem4f (.const:xdc_runtime_System_exitFxn__C)
                  000075f0    00000004     empty_pem4f.oem4f (.const:xdc_runtime_System_extendFxn__C)
                  000075f4    00000004     empty_pem4f.oem4f (.const:xdc_runtime_System_maxAtexitHandlers__C)
                  000075f8    00000004     empty_pem4f.oem4f (.const:xdc_runtime_Text_charTab__C)
                  000075fc    00000004     empty_pem4f.oem4f (.const:xdc_runtime_Text_nameEmpty__C)
                  00007600    00000004     empty_pem4f.oem4f (.const:xdc_runtime_Text_nameStatic__C)
                  00007604    00000004     empty_pem4f.oem4f (.const:xdc_runtime_Text_nameUnknown__C)
                  00007608    00000004     empty_pem4f.oem4f (.const:xdc_runtime_Text_nodeTab__C)
                  0000760c    00000004     empty_pem4f.oem4f (.const:xdc_runtime_Text_visitRopeFxn__C)
                  00007610    00000002     empty_pem4f.oem4f (.const:ti_sysbios_family_arm_m3_Hwi_Module__id__C)
                  00007612    00000002     empty_pem4f.oem4f (.const:ti_sysbios_gates_GateMutex_Module__id__C)
                  00007614    00000002     empty_pem4f.oem4f (.const:ti_sysbios_hal_Hwi_Module__id__C)
                  00007616    00000002     empty_pem4f.oem4f (.const:ti_sysbios_heaps_HeapMem_Module__id__C)
                  00007618    00000002     empty_pem4f.oem4f (.const:ti_sysbios_knl_Semaphore_Module__id__C)
                  0000761a    00000002     empty_pem4f.oem4f (.const:ti_sysbios_knl_Task_Module__id__C)
                  0000761c    00000002     empty_pem4f.oem4f (.const:xdc_runtime_Core_Module__id__C)
                  0000761e    00000002     empty_pem4f.oem4f (.const:xdc_runtime_Error_Module__loggerDefined__C)
                  00007620    00000002     empty_pem4f.oem4f (.const:xdc_runtime_Error_maxDepth__C)
                  00007622    00000002     empty_pem4f.oem4f (.const:xdc_runtime_Memory_Module__id__C)
                  00007624    00000002     empty_pem4f.oem4f (.const:xdc_runtime_SysMin_flushAtExit__C)
                  00007626    00000002     empty_pem4f.oem4f (.const:xdc_runtime_Text_charCnt__C)
                  00007628    00000002     empty_pem4f.oem4f (.const:xdc_runtime_Text_isLoaded__C)
                  0000762a    00000002     empty_pem4f.oem4f (.const:xdc_runtime_Text_registryModsLastId__C)
                  0000762c    00000002     empty_pem4f.oem4f (.const:xdc_runtime_Text_unnamedModsLastId__C)

.cinit     0    00007630    000003dc     
                  00007630    0000039c     (.cinit..data.load) [load image, compression = rle]
                  000079cc    00000004     --HOLE-- [fill = 0]
                  000079d0    0000000b     (.cinit..bss.load) [load image, compression = rle]
                  000079db    00000005     --HOLE-- [fill = 0]
                  000079e0    0000000b     (.cinit..vecs.load) [load image, compression = rle]
                  000079eb    00000001     --HOLE-- [fill = 0]
                  000079ec    00000008     (__TI_handler_table)
                  000079f4    00000018     (__TI_cinit_table)

.resetVecs 
*          0    00000000    0000003c     
                  00000000    0000003c     empty_pem4f.oem4f (.resetVecs)

.vecs      0    20000000    00000140     UNINITIALIZED
                  20000000    00000140     empty_pem4f.oem4f (.vecs)

.bss       0    20000140    00000918     UNINITIALIZED
                  20000140    00000400     (.common:ti_sysbios_heaps_HeapMem_Instance_State_0_buf__A)
                  20000540    00000200     empty_pem4f.oem4f (.bss:taskStackSection)
                  20000740    00000140     (.common:ti_sysbios_family_arm_m3_Hwi_dispatchTable)
                  20000880    00000120     rtsv7M4_T_le_v4SPD16_eabi.lib : trgmsg.obj (.bss:_CIOBUF_)
                  200009a0    00000080     (.common:xdc_runtime_SysMin_Module_State_0_outbuf__A)
                  20000a20    00000030     drivers_MSP432P401R.aem4f : GPIOMSP432.oem4f (.bss:gpioCallbackInfo)
                  20000a50    00000008     rtsv7M4_T_le_v4SPD16_eabi.lib : trgdrv.obj (.bss:parmbuf)

.data      0    20000a58    00000501     UNINITIALIZED
                  20000a58    0000009c     drivers_MSP432P401R.aem4f : PowerMSP432.oem4f (.data:PowerMSP432_perfLevels)
                  20000af4    00000080     empty_pem4f.oem4f (.data:ti_sysbios_knl_Swi_Module_State_0_readyQ__A)
                  20000b74    00000080     empty_pem4f.oem4f (.data:ti_sysbios_knl_Task_Module_State_0_readyQ__A)
                  20000bf4    0000004c     empty_pem4f.oem4f (.data:ti_sysbios_family_arm_msp432_Timer_Object__table__V)
                  20000c40    0000004c     empty_pem4f.oem4f (.data:ti_sysbios_knl_Task_Object__table__V)
                  20000c8c    00000044     empty_pem4f.oem4f (.data:ti_sysbios_knl_Task_Module__state__V)
                  20000cd0    00000038     empty_pem4f.oem4f (.data:ti_sysbios_gates_GateMutex_Object__table__V)
                  20000d08    00000034     empty_pem4f.oem4f (.data:ti_sysbios_family_arm_m3_Hwi_Module__state__V)
                  20000d3c    00000030     msp432p4xx_driverlib.lib : gpio.o (.data:GPIO_PORT_TO_BASE)
                  20000d6c    00000030     empty_pem4f.oem4f (.data:ti_sysbios_knl_Swi_Object__table__V)
                  20000d9c    0000002c     empty_pem4f.oem4f (.data:ti_sysbios_knl_Clock_Module__state__V)
                  20000dc8    00000028     drivers_MSP432P401R.aem4f : PowerMSP432.oem4f (.data:PowerMSP432_module)
                  20000df0    00000024     empty_pem4f.oem4f (.data:ti_sysbios_BIOS_Module__state__V)
                  20000e14    00000020     empty_pem4f.oem4f (.data:ti_sysbios_family_arm_msp432_Timer_Module_State_0_device__A)
                  20000e34    0000001c     empty_pem4f.oem4f (.data:ti_sysbios_knl_Swi_Module__state__V)
                  20000e50    00000018     MSP_EXP432P401R.obj (.data:gpioPinConfigs)
                  20000e68    00000018     empty_pem4f.oem4f (.data:ti_sysbios_family_arm_m3_Hwi_Object__table__V)
                  20000e80    00000018     empty_pem4f.oem4f (.data:ti_sysbios_heaps_HeapMem_Object__table__V)
                  20000e98    00000010     empty_pem4f.oem4f (.data:ti_sysbios_family_arm_msp432_Timer_Module_State_0_handles__A)
                  20000ea8    0000000c     rtsv7M4_T_le_v4SPD16_eabi.lib : exit.obj (.data:$O1$$)
                  20000eb4    0000000c     empty_pem4f.oem4f (.data:ti_sysbios_family_arm_msp432_ClockFreqs_Module__state__V)
                  20000ec0    0000000c     empty_pem4f.oem4f (.data:ti_sysbios_family_arm_msp432_Timer_Module__state__V)
                  20000ecc    0000000c     empty_pem4f.oem4f (.data:xdc_runtime_SysMin_Module__state__V)
                  20000ed8    00000008     rtsv7M4_T_le_v4SPD16_eabi.lib : _lock.obj (.data:$O1$$)
                  20000ee0    00000008     MSP_EXP432P401R.obj (.data:gpioCallbackFunctions)
                  20000ee8    00000008     empty_pem4f.oem4f (.data:ti_sysbios_family_arm_m3_Hwi_Module__root__V)
                  20000ef0    00000008     empty_pem4f.oem4f (.data:ti_sysbios_gates_GateHwi_Module__root__V)
                  20000ef8    00000008     empty_pem4f.oem4f (.data:ti_sysbios_gates_GateMutex_Module__root__V)
                  20000f00    00000008     empty_pem4f.oem4f (.data:ti_sysbios_heaps_HeapMem_Module__root__V)
                  20000f08    00000008     empty_pem4f.oem4f (.data:ti_sysbios_knl_Queue_Module__root__V)
                  20000f10    00000008     empty_pem4f.oem4f (.data:ti_sysbios_knl_Semaphore_Module__root__V)
                  20000f18    00000008     empty_pem4f.oem4f (.data:xdc_runtime_Registry_Module__state__V)
                  20000f20    00000008     empty_pem4f.oem4f (.data:xdc_runtime_Startup_Module__state__V)
                  20000f28    00000008     empty_pem4f.oem4f (.data:xdc_runtime_System_Module_State_0_atexitHandlers__A)
                  20000f30    00000008     empty_pem4f.oem4f (.data:xdc_runtime_System_Module__state__V)
                  20000f38    00000004     main.obj (.data)
                  20000f3c    00000004     rtsv7M4_T_le_v4SPD16_eabi.lib : stkdepth_vars.obj (.data)
                  20000f40    00000004     empty_pem4f.oem4f (.data:ti_sysbios_family_arm_m3_Hwi_Module_State_0_excContext__A)
                  20000f44    00000004     empty_pem4f.oem4f (.data:ti_sysbios_family_arm_m3_Hwi_Module_State_0_excStack__A)
                  20000f48    00000004     empty_pem4f.oem4f (.data:ti_sysbios_gates_GateHwi_Object__table__V)
                  20000f4c    00000004     empty_pem4f.oem4f (.data:ti_sysbios_knl_Task_Module_State_0_idleTask__A)
                  20000f50    00000004     empty_pem4f.oem4f (.data:xdc_runtime_Memory_Module__state__V)
                  20000f54    00000002     empty_pem4f.oem4f (.data:ti_sysbios_family_arm_m3_Hwi_Module_State_0_excActive__A)
                  20000f56    00000002     empty_pem4f.oem4f (.data:xdc_runtime_Error_Module__state__V)
                  20000f58    00000001     drivers_MSP432P401R.aem4f : GPIOMSP432.oem4f (.data)

.stack     0    2000fd00    00000300     UNINITIALIZED
                  2000fd00    00000300     --HOLE--

.bootVecs 
*          0    00000000    00000008     DSECT
                  00000000    00000008     boot.aem4f : boot.oem4f (.bootVecs)

xdc.meta   0    00000000    000000e7     COPY SECTION
                  00000000    000000e7     empty_pem4f.oem4f (xdc.meta)

.binit     0    00000000    00000000     

MODULE SUMMARY

       Module                     code    ro data   rw data
       ------                     ----    -------   -------
    .\
       main.obj                   280     0         4      
       MSP_EXP432P401R.obj        16      36        32     
    +--+--------------------------+-------+---------+---------+
       Total:                     296     36        36     
                                                           
    C:\Users\j\workspace_v6_2\DigiPotMSP432P401R\Debug\configPkg\package\cfg\
       empty_pem4f.oem4f          1556    7454      3280   
    +--+--------------------------+-------+---------+---------+
       Total:                     1556    7454      3280   
                                                           
    C:/ti/tirtos_msp43x_2_20_00_06/products/msp432_driverlib_3_21_00_05/driverlib/MSP432P4xx/ccs/msp432p4xx_driverlib.lib
       pcm.o                      1214    0         0      
       gpio.o                     424     0         48     
       cs.o                       260     0         0      
       flash.o                    156     0         0      
       rtc_c.o                    72      0         0      
       wdt_a.o                    44      0         0      
       cpu.o                      28      0         0      
    +--+--------------------------+-------+---------+---------+
       Total:                     2198    0         48     
                                                           
    C:/ti/tirtos_msp43x_2_20_00_06/products/tidrivers_msp43x_2_20_00_08/packages/ti/drivers/lib/drivers_MSP432P401R.aem4f
       PowerMSP432.oem4f          1016    0         196    
       GPIOMSP432.oem4f           748     12        49     
       List.oem4f                 8       0         0      
    +--+--------------------------+-------+---------+---------+
       Total:                     1772    12        245    
                                                           
    C:/ti/tirtos_msp43x_2_20_00_06/products/tidrivers_msp43x_2_20_00_08/packages/ti/drivers/lib/power_tirtos_MSP432P401R.aem4f
       PowerMSP432_tirtos.oem4f   106     0         0      
    +--+--------------------------+-------+---------+---------+
       Total:                     106     0         0      
                                                           
    C:/ti/tirtos_msp43x_2_20_00_06/products/tidrivers_msp43x_2_20_00_08/packages/ti/drivers/ports/lib/tirtosport.aem4f
       HwiP_tirtos.oem4f          116     0         0      
    +--+--------------------------+-------+---------+---------+
       Total:                     116     0         0      
                                                           
    C:\Users\j\workspace_v6_2\DigiPotMSP432P401R\src\sysbios\sysbios.aem4f
       BIOS.obj                   10006   0         0      
       m3_Hwi_asm.obj             306     0         0      
       m3_TaskSupport_asm.obj     180     0         0      
       m3_Hwi_asm_switch.obj      118     0         0      
    +--+--------------------------+-------+---------+---------+
       Total:                     10610   0         0      
                                                           
    C:\ti\ccsv6\tools\compiler\ti-cgt-arm_15.12.4.LTS\lib\rtsv7M4_T_le_v4SPD16_eabi.lib
       trgdrv.obj                 804     0         8      
       trgmsg.obj                 104     0         288    
       memcpy_t2.obj              156     0         0      
       memset_t2.obj              122     0         0      
       copy_decompress_rle.obj    112     0         0      
       exit.obj                   84      0         12     
       cpy_tbl.obj                76      0         0      
       u_divt2.obj                64      0         0      
       _lock.obj                  20      0         8      
       args_main.obj              24      0         0      
       strcpy.obj                 20      0         0      
       strlen.obj                 20      0         0      
       copy_decompress_none.obj   14      0         0      
       stkdepth_vars.obj          0       0         4      
       i_div0.obj                 2       0         0      
    +--+--------------------------+-------+---------+---------+
       Total:                     1622    0         320    
                                                           
    C:\ti\tirtos_msp43x_2_20_00_06\products\bios_6_46_00_23\packages\ti\targets\arm\rtsarm\lib\auto_init.aem4f
       auto_init.oem4f            160     0         0      
    +--+--------------------------+-------+---------+---------+
       Total:                     160     0         0      
                                                           
    C:\ti\tirtos_msp43x_2_20_00_06\products\bios_6_46_00_23\packages\ti\targets\arm\rtsarm\lib\boot.aem4f
       boot.oem4f                 88      0         0      
    +--+--------------------------+-------+---------+---------+
       Total:                     88      0         0      
                                                           
    C:\ti\tirtos_msp43x_2_20_00_06\products\bios_6_46_00_23\packages\ti\targets\arm\rtsarm\lib\ti.targets.arm.rtsarm.aem4f
       System.oem4f               1255    0         0      
       Text.oem4f                 672     0         0      
       Error.oem4f                524     0         0      
       Core-mem.oem4f             358     0         0      
       Startup.oem4f              340     0         0      
       SysMin.oem4f               248     0         0      
       Core-smem.oem4f            204     0         0      
       Memory.oem4f               176     0         0      
       Assert.oem4f               84      0         0      
       Core-params.oem4f          70      0         0      
       Core-label.oem4f           52      0         0      
       Registry.oem4f             32      0         0      
       Gate.oem4f                 28      0         0      
    +--+--------------------------+-------+---------+---------+
       Total:                     4043    0         0      
                                                           
       Stack:                     0       0         768    
       Linker Generated:          0       978       0      
    +--+--------------------------+-------+---------+---------+
       Grand Total:               22567   8480      4697   


LINKER GENERATED COPY TABLES

__TI_cinit_table @ 000079f4 records: 3, size/record: 8, table size: 24
	.data: load addr=00007630, load size=0000039c bytes, run addr=20000a58, run size=00000501 bytes, compression=rle
	.bss: load addr=000079d0, load size=0000000b bytes, run addr=20000140, run size=00000918 bytes, compression=rle
	.vecs: load addr=000079e0, load size=0000000b bytes, run addr=20000000, run size=00000140 bytes, compression=rle


LINKER GENERATED HANDLER TABLE

__TI_handler_table @ 000079ec records: 2, size/record: 4, table size: 8
	index: 0, handler: __TI_decompress_rle24
	index: 1, handler: __TI_decompress_none


GLOBAL SYMBOLS: SORTED ALPHABETICALLY BY Name 

address   name                                                        
-------   ----                                                        
00003d79  C$$EXIT                                                     
000037c7  C$$IO$$                                                     
000057b3  CPU_cpsid                                                   
000057bf  CPU_cpsie                                                   
00001245  CPU_wfi                                                     
000025a5  CS_initClockSignal                                          
00004ec5  CS_setDCOCenteredFrequency                                  
000044b1  FlashCtl_disableReadBuffering                               
000047c9  FlashCtl_enableReadBuffering                                
00004dd5  FlashCtl_setWaitState                                       
00007440  GPIOMSP432_config                                           
000053d5  GPIO_clearInterruptFlag                                     
00004dfd  GPIO_enableInt                                              
00005529  GPIO_enableInterrupt                                        
00004945  GPIO_getEnabledInterruptStatus                              
00005655  GPIO_getInterruptStatus                                     
00003cd1  GPIO_hwiIntFxn                                              
00003991  GPIO_init                                                   
0000509d  GPIO_interruptEdgeSelect                                    
00004c49  GPIO_setAsInputPin                                          
00004975  GPIO_setAsInputPinWithPullDownResistor                      
000049a5  GPIO_setAsInputPinWithPullUpResistor                        
00004ee9  GPIO_setAsOutputPin                                         
00003d25  GPIO_setCallback                                            
00001c59  GPIO_setConfig                                              
0000553d  GPIO_setDriveStrengthHigh                                   
000053ed  GPIO_setDriveStrengthLow                                    
00005551  GPIO_setOutputHighOnPin                                     
00005405  GPIO_setOutputLowOnPin                                      
000049d5  GPIO_toggle                                                 
00005565  GPIO_toggleOutputOnPin                                      
00003ed1  GPIO_write                                                  
00000a93  HOSTclock                                                   
00000a5b  HOSTclose                                                   
00000a1d  HOSTgetenv                                                  
000009c1  HOSTlseek                                                   
0000096f  HOSTopen                                                    
00000923  HOSTread                                                    
000008c5  HOSTrename                                                  
0000088b  HOSTtime                                                    
00000841  HOSTtime64                                                  
00000809  HOSTunlink                                                  
000007bd  HOSTwrite                                                   
00005769  HwiP_Params_init                                            
000038cd  HwiP_create                                                 
0000182d  HwiP_disable                                                
000058c1  HwiP_restore                                                
000019a5  List_head                                                   
00001b0d  List_next                                                   
00005889  MSP_EXP432P401R_initGPIO                                    
00005891  MSP_EXP432P401R_initGeneral                                 
00005201  PCM_enableRudeMode                                          
00004c75  PCM_getCoreVoltageLevel                                     
00004d81  PCM_getPowerMode                                            
000057cd  PCM_getPowerState                                           
00004e25  PCM_gotoLPM0                                                
0000339d  PCM_gotoLPM3                                                
00005665  PCM_gotoLPM4                                                
00005899  PCM_setPowerMode                                            
000058a1  PCM_setPowerState                                           
00003f21  PCM_shutdownDevice                                          
00007454  PowerMSP432_config                                          
000030d7  PowerMSP432_initPolicy                                      
20000dc8  PowerMSP432_module                                          
20000a58  PowerMSP432_perfLevels                                      
000045b1  PowerMSP432_sleepPolicy                                     
00004ca1  PowerMSP432_updateFreqs                                     
000057d9  Power_getConstraintMask                                     
00005579  Power_idleFunc                                              
00004311  Power_init                                                  
00000d8d  Power_sleep                                                 
00004f0d  RTC_C_holdClock                                             
00004f31  RTC_C_startClock                                            
UNDEFED   SHT$$INIT_ARRAY$$Base                                       
UNDEFED   SHT$$INIT_ARRAY$$Limit                                      
4000480c  WDTCTL_SYM                                                  
0000541d  WDT_A_holdTimer                                             
0000558d  WDT_A_startTimer                                            
00000000  __ASM__                                                     
20000880  __CIOBUF_                                                   
00000063  __ISA__                                                     
00000076  __PLAT__                                                    
20010000  __STACK_END                                                 
00000300  __STACK_SIZE                                                
00000099  __TARG__                                                    
000079f4  __TI_CINIT_Base                                             
00007a0c  __TI_CINIT_Limit                                            
000079ec  __TI_Handler_Table_Base                                     
000079f4  __TI_Handler_Table_Limit                                    
00002d21  __TI_auto_init                                              
20000ea8  __TI_cleanup_ptr                                            
00005777  __TI_decompress_none                                        
00003503  __TI_decompress_rle24                                       
20000eac  __TI_dtors_ptr                                              
20000eb0  __TI_enable_exit_profile_output                             
ffffffff  __TI_pprof_out_hndl                                         
ffffffff  __TI_prof_data_size                                         
ffffffff  __TI_prof_data_start                                        
000037cb  __TI_readmsg                                                
00007630  __TI_static_base__                                          
00003799  __TI_writemsg                                               
000000bf  __TRDR__                                                    
00003493  __aeabi_idiv0                                               
00003419  __aeabi_memclr                                              
00003419  __aeabi_memclr4                                             
00003419  __aeabi_memclr8                                             
00002e61  __aeabi_memcpy                                              
00002e61  __aeabi_memcpy4                                             
00002e61  __aeabi_memcpy8                                             
0000341b  __aeabi_memset                                              
0000341b  __aeabi_memset4                                             
0000341b  __aeabi_memset8                                             
00004531  __aeabi_uidiv                                               
00004531  __aeabi_uidivmod                                            
ffffffff  __binit__                                                   
ffffffff  __c_args__                                                  
2000fd00  __stack                                                     
00005435  _args_main                                                  
00003bc9  _c_int00                                                    
20000ed8  _lock                                                       
000055af  _nop                                                        
000055a7  _register_lock                                              
000055a1  _register_unlock                                            
20000edc  _unlock                                                     
00003d7d  abort                                                       
ffffffff  binit                                                       
000045ed  changeResistanceBtnFxn                                      
00004a05  changeWiperDirBtnFxn                                        
00004061  copy_in                                                     
20000f38  count                                                       
00003d85  exit                                                        
20000ee0  gpioCallbackFunctions                                       
20000e50  gpioPinConfigs                                              
00002bcd  main                                                        
20000f3c  main_func_sp                                                
00002e61  memcpy                                                      
00003421  memset                                                      
00005709  osi_TaskDisable                                             
00005699  osi_start                                                   
000055b5  strcpy                                                      
000055c9  strlen                                                      
20000df0  ti_sysbios_BIOS_Module__state__V                            
00005339  ti_sysbios_BIOS_RtsGateProxy_Handle__label__S               
00004fe5  ti_sysbios_BIOS_RtsGateProxy_Object__delete__S              
0000282d  ti_sysbios_BIOS_RtsGateProxy_enter__E                       
000028ed  ti_sysbios_BIOS_RtsGateProxy_leave__E                       
000058f9  ti_sysbios_BIOS_RtsGateProxy_query__E                       
00004a35  ti_sysbios_BIOS_atExitFunc__I                               
00004f55  ti_sysbios_BIOS_errorRaiseHook__I                           
00005511  ti_sysbios_BIOS_exitFunc__I                                 
00005909  ti_sysbios_BIOS_linkedWithIncorrectBootLibrary__E           
00003797  ti_sysbios_BIOS_nullFunc__I                                 
00004f79  ti_sysbios_BIOS_registerRTSLock__I                          
00004f9d  ti_sysbios_BIOS_removeRTSLock__I                            
000050bd  ti_sysbios_BIOS_rtsLock__I                                  
0000544d  ti_sysbios_BIOS_rtsUnlock__I                                
00005679  ti_sysbios_BIOS_setCpuFreq__E                               
00005689  ti_sysbios_BIOS_setThreadType__E                            
00004a65  ti_sysbios_BIOS_startFunc__I                                
00005699  ti_sysbios_BIOS_start__E                                    
000074b4  ti_sysbios_family_arm_m3_Hwi_E_NMI__C                       
000074b8  ti_sysbios_family_arm_m3_Hwi_E_alreadyDefined__C            
000074bc  ti_sysbios_family_arm_m3_Hwi_E_busFault__C                  
000074c0  ti_sysbios_family_arm_m3_Hwi_E_debugMon__C                  
000074c4  ti_sysbios_family_arm_m3_Hwi_E_hardFault__C                 
000074c8  ti_sysbios_family_arm_m3_Hwi_E_memFault__C                  
000074cc  ti_sysbios_family_arm_m3_Hwi_E_noIsr__C                     
000074d0  ti_sysbios_family_arm_m3_Hwi_E_reserved__C                  
000074d4  ti_sysbios_family_arm_m3_Hwi_E_svCall__C                    
000074d8  ti_sysbios_family_arm_m3_Hwi_E_usageFault__C                
00005305  ti_sysbios_family_arm_m3_Hwi_Handle__label__S               
00004801  ti_sysbios_family_arm_m3_Hwi_Instance_finalize__E           
000030d9  ti_sysbios_family_arm_m3_Hwi_Instance_init__E               
20000f54  ti_sysbios_family_arm_m3_Hwi_Module_State_0_excActive__A    
20000f40  ti_sysbios_family_arm_m3_Hwi_Module_State_0_excContext__A   
20000f44  ti_sysbios_family_arm_m3_Hwi_Module_State_0_excStack__A     
00007610  ti_sysbios_family_arm_m3_Hwi_Module__id__C                  
20000ee8  ti_sysbios_family_arm_m3_Hwi_Module__root__V                
00005465  ti_sysbios_family_arm_m3_Hwi_Module__startupDone__F         
00005465  ti_sysbios_family_arm_m3_Hwi_Module__startupDone__S         
20000d08  ti_sysbios_family_arm_m3_Hwi_Module__state__V               
00003f71  ti_sysbios_family_arm_m3_Hwi_Module_startup__E              
000074dc  ti_sysbios_family_arm_m3_Hwi_NUM_INTERRUPTS__C              
00007318  ti_sysbios_family_arm_m3_Hwi_Object__DESC__C                
00007230  ti_sysbios_family_arm_m3_Hwi_Object__PARAMS__C              
000074e0  ti_sysbios_family_arm_m3_Hwi_Object__count__C               
000055dd  ti_sysbios_family_arm_m3_Hwi_Object__get__S                 
20000e68  ti_sysbios_family_arm_m3_Hwi_Object__table__V               
000057e5  ti_sysbios_family_arm_m3_Hwi_Params__init__S                
[...]
000055af  _nop                                                        
000055b5  strcpy                                                      
000055c9  strlen                                                      
000055dd  ti_sysbios_family_arm_m3_Hwi_Object__get__S                 
000055f1  ti_sysbios_family_arm_m3_Hwi_switchFromBootStack__E         
000055f1  ti_sysbios_hal_Hwi_HwiProxy_switchFromBootStack__E          
00005605  ti_sysbios_heaps_HeapMem_Object__get__S                     
00005619  ti_sysbios_knl_Swi_Object__get__S                           
00005631  ti_sysbios_hal_Hwi_Module_startup__E                        
00005643  xdc_runtime_Startup_exec__I                                 
00005655  GPIO_getInterruptStatus                                     
00005665  PCM_gotoLPM4                                                
00005679  ti_sysbios_BIOS_setCpuFreq__E                               
00005689  ti_sysbios_BIOS_setThreadType__E                            
00005699  osi_start                                                   
00005699  ti_sysbios_BIOS_start__E                                    
000056a9  ti_sysbios_family_arm_m3_TaskSupport_glue                   
000056b9  ti_sysbios_family_arm_msp432_init_Boot_disableWatchdog      
000056c9  ti_sysbios_gates_GateMutex_Instance_finalize__E             
000056d9  ti_sysbios_knl_Semaphore_Instance_finalize__E               
000056e9  ti_sysbios_knl_Swi_disable__E                               
000056f9  ti_sysbios_knl_Task_Object__get__S                          
00005709  osi_TaskDisable                                             
00005709  ti_sysbios_knl_Task_disable__E                              
00005719  xdc_runtime_Gate_leaveSystem__E                             
00005729  xdc_runtime_Memory_free__E                                  
00005739  xdc_runtime_SysMin_ready__E                                 
00005739  xdc_runtime_System_SupportProxy_ready__E                    
00005749  xdc_runtime_System_vsnprintf__E                             
00005759  xdc_runtime_Text_visitRope__I                               
00005769  HwiP_Params_init                                            
00005777  __TI_decompress_none                                        
00005789  ti_sysbios_knl_Idle_loop__E                                 
00005799  ti_sysbios_knl_Queue_empty__E                               
000057a7  ti_sysbios_family_arm_msp432_init_Boot_init__I              
000057a7  xdc_runtime_Startup_reset__I                                
000057b3  CPU_cpsid                                                   
000057bf  CPU_cpsie                                                   
000057cd  PCM_getPowerState                                           
000057d9  Power_getConstraintMask                                     
000057e5  ti_sysbios_family_arm_m3_Hwi_Params__init__S                
000057e5  ti_sysbios_hal_Hwi_HwiProxy_Params__init__S                 
000057f1  ti_sysbios_family_arm_m3_Hwi_disableFxn__E                  
000057f1  ti_sysbios_hal_Hwi_HwiProxy_disable__E                      
00005801  ti_sysbios_family_arm_m3_TaskSupport_checkStack__E          
00005801  ti_sysbios_knl_Task_SupportProxy_checkStack__E              
00005811  ti_sysbios_family_arm_msp432_Timer_getMaxTicks__E           
00005821  ti_sysbios_gates_GateHwi_enter__E                           
0000582d  ti_sysbios_knl_Queue_Object__get__S                         
00005839  xdc_runtime_Error_init__E                                   
00005845  xdc_runtime_Gate_enterSystem__E                             
00005851  xdc_runtime_Memory_calloc__E                                
0000585d  xdc_runtime_Memory_getMaxDefaultTypeAlign__E                
00005869  xdc_runtime_Startup_rtsDone__E                              
00005875  xdc_runtime_Memory_HeapProxy_alloc__E                       
0000587f  xdc_runtime_Memory_HeapProxy_free__E                        
00005889  MSP_EXP432P401R_initGPIO                                    
00005891  MSP_EXP432P401R_initGeneral                                 
00005899  PCM_setPowerMode                                            
000058a1  PCM_setPowerState                                           
000058a9  ti_sysbios_family_arm_m3_Hwi_doSwiRestore__I                
000058b1  ti_sysbios_family_arm_m3_Hwi_startup__E                     
000058b1  ti_sysbios_hal_Hwi_HwiProxy_startup__E                      
000058b9  ti_sysbios_family_arm_m3_Hwi_doTaskRestore__I               
000058c1  HwiP_restore                                                
000058c1  ti_sysbios_family_arm_m3_Hwi_restoreFxn__E                  
000058c1  ti_sysbios_hal_Hwi_HwiProxy_restore__E                      
000058c9  ti_sysbios_gates_GateHwi_leave__E                           
000058d1  ti_sysbios_heaps_HeapMem_isBlocking__E                      
000058d9  ti_sysbios_knl_Queue_Instance_init__E                       
000058e1  ti_sysbios_knl_Swi_startup__E                               
000058e7  xdc_runtime_System_Module_startup__E                        
000058f1  ti_sysbios_gates_GateHwi_query__E                           
000058f1  xdc_runtime_Main_Module_GateProxy_query__E                  
000058f1  xdc_runtime_System_Module_GateProxy_query__E                
000058f9  ti_sysbios_BIOS_RtsGateProxy_query__E                       
000058f9  ti_sysbios_gates_GateMutex_query__E                         
000058f9  ti_sysbios_heaps_HeapMem_Module_GateProxy_query__E          
00005901  ti_sysbios_knl_Task_startup__E                              
00005909  ti_sysbios_BIOS_linkedWithIncorrectBootLibrary__E           
00005911  ti_sysbios_gates_GateHwi_Instance_init__E                   
00005919  ti_sysbios_knl_Clock_logTick__E                             
0000591c  xdc_runtime_Text_charTab__A                                 
00007137  xdc_runtime_Error_policy__C                                 
00007138  xdc_runtime_Text_nodeTab__A                                 
00007230  ti_sysbios_family_arm_m3_Hwi_Object__PARAMS__C              
00007260  ti_sysbios_heaps_HeapMem_Module__FXNS__C                    
00007288  ti_sysbios_gates_GateHwi_Module__FXNS__C                    
000072ac  ti_sysbios_gates_GateMutex_Module__FXNS__C                  
000072d0  ti_sysbios_heaps_HeapMem_Object__PARAMS__C                  
000072f4  ti_sysbios_knl_Semaphore_Object__PARAMS__C                  
00007318  ti_sysbios_family_arm_m3_Hwi_Object__DESC__C                
00007338  ti_sysbios_gates_GateHwi_Object__DESC__C                    
00007358  ti_sysbios_gates_GateMutex_Object__DESC__C                  
00007378  ti_sysbios_heaps_HeapMem_Object__DESC__C                    
00007398  ti_sysbios_knl_Queue_Object__DESC__C                        
000073b8  ti_sysbios_knl_Semaphore_Object__DESC__C                    
000073d8  xdc_runtime_Startup_sfxnTab__A                              
000073f8  ti_sysbios_gates_GateHwi_Object__PARAMS__C                  
00007410  ti_sysbios_gates_GateMutex_Object__PARAMS__C                
00007428  ti_sysbios_knl_Queue_Object__PARAMS__C                      
00007440  GPIOMSP432_config                                           
00007454  PowerMSP432_config                                          
00007464  xdc_runtime_Startup_sfxnRts__A                              
00007480  xdc_runtime_Startup_firstFxns__A                            
0000748c  ti_sysbios_family_arm_m3_Hwi_excHookFuncs__A                
00007494  ti_sysbios_knl_Idle_funcList__A                             
0000749c  ti_sysbios_knl_Idle_funcList__C                             
000074a4  xdc_runtime_Startup_firstFxns__C                            
000074ac  xdc_runtime_Startup_lastFxns__C                             
000074b4  ti_sysbios_family_arm_m3_Hwi_E_NMI__C                       
000074b8  ti_sysbios_family_arm_m3_Hwi_E_alreadyDefined__C            
000074bc  ti_sysbios_family_arm_m3_Hwi_E_busFault__C                  
000074c0  ti_sysbios_family_arm_m3_Hwi_E_debugMon__C                  
000074c4  ti_sysbios_family_arm_m3_Hwi_E_hardFault__C                 
000074c8  ti_sysbios_family_arm_m3_Hwi_E_memFault__C                  
000074cc  ti_sysbios_family_arm_m3_Hwi_E_noIsr__C                     
000074d0  ti_sysbios_family_arm_m3_Hwi_E_reserved__C                  
000074d4  ti_sysbios_family_arm_m3_Hwi_E_svCall__C                    
000074d8  ti_sysbios_family_arm_m3_Hwi_E_usageFault__C                
000074dc  ti_sysbios_family_arm_m3_Hwi_NUM_INTERRUPTS__C              
000074e0  ti_sysbios_family_arm_m3_Hwi_Object__count__C               
000074e4  ti_sysbios_family_arm_m3_Hwi_ccr__C                         
000074e8  ti_sysbios_family_arm_m3_Hwi_excHandlerFunc__C              
000074ec  ti_sysbios_family_arm_m3_Hwi_excHookFuncs__C                
000074f0  ti_sysbios_family_arm_m3_Hwi_nullIsrFunc__C                 
000074f4  ti_sysbios_family_arm_m3_Hwi_priGroup__C                    
000074f8  ti_sysbios_family_arm_msp432_Timer_numTimerDevices__C       
000074fc  ti_sysbios_family_arm_msp432_Timer_startupNeeded__C         
00007500  ti_sysbios_gates_GateMutex_A_badContext__C                  
00007504  ti_sysbios_gates_GateMutex_Instance_State_sem__O            
00007508  ti_sysbios_gates_GateMutex_Module__diagsEnabled__C          
0000750c  ti_sysbios_gates_GateMutex_Module__diagsIncluded__C         
00007510  ti_sysbios_gates_GateMutex_Module__diagsMask__C             
00007514  ti_sysbios_hal_Hwi_E_stackOverflow__C                       
00007518  ti_sysbios_heaps_HeapMem_A_align__C                         
0000751c  ti_sysbios_heaps_HeapMem_A_heapSize__C                      
00007520  ti_sysbios_heaps_HeapMem_A_invalidFree__C                   
00007524  ti_sysbios_heaps_HeapMem_A_zeroBlock__C                     
00007528  ti_sysbios_heaps_HeapMem_E_memory__C                        
0000752c  ti_sysbios_heaps_HeapMem_Module__diagsEnabled__C            
00007530  ti_sysbios_heaps_HeapMem_Module__diagsIncluded__C           
00007534  ti_sysbios_heaps_HeapMem_Module__diagsMask__C               
00007538  ti_sysbios_heaps_HeapMem_Module__gateObj__C                 
0000753c  ti_sysbios_heaps_HeapMem_Object__count__C                   
00007540  ti_sysbios_heaps_HeapMem_reqAlign__C                        
00007544  ti_sysbios_knl_Clock_Module_State_clockQ__O                 
00007548  ti_sysbios_knl_Semaphore_A_badContext__C                    
0000754c  ti_sysbios_knl_Semaphore_A_noEvents__C                      
00007550  ti_sysbios_knl_Semaphore_A_overflow__C                      
00007554  ti_sysbios_knl_Semaphore_A_pendTaskDisabled__C              
00007558  ti_sysbios_knl_Semaphore_Instance_State_pendQ__O            
0000755c  ti_sysbios_knl_Semaphore_Module__diagsEnabled__C            
00007560  ti_sysbios_knl_Semaphore_Module__diagsIncluded__C           
00007564  ti_sysbios_knl_Semaphore_Module__diagsMask__C               
00007568  ti_sysbios_knl_Swi_Object__count__C                         
0000756c  ti_sysbios_knl_Task_E_spOutOfBounds__C                      
00007570  ti_sysbios_knl_Task_E_stackOverflow__C                      
00007574  ti_sysbios_knl_Task_Module_State_inactiveQ__O               
00007578  ti_sysbios_knl_Task_Object__count__C                        
0000757c  ti_sysbios_knl_Task_allBlockedFunc__C                       
00007580  ti_sysbios_knl_Task_numConstructedTasks__C                  
00007584  xdc_runtime_Assert_E_assertFailed__C                        
00007588  xdc_runtime_Core_A_initializedParams__C                     
0000758c  xdc_runtime_Core_Module__diagsEnabled__C                    
00007590  xdc_runtime_Core_Module__diagsIncluded__C                   
00007594  xdc_runtime_Core_Module__diagsMask__C                       
00007598  xdc_runtime_Error_E_memory__C                               
0000759c  xdc_runtime_Error_Module__diagsEnabled__C                   
000075a0  xdc_runtime_Error_Module__diagsIncluded__C                  
000075a4  xdc_runtime_Error_Module__diagsMask__C                      
000075a8  xdc_runtime_Error_Module__loggerFxn8__C                     
000075ac  xdc_runtime_Error_Module__loggerObj__C                      
000075b0  xdc_runtime_Error_policyFxn__C                              
000075b4  xdc_runtime_Error_raiseHook__C                              
000075b8  xdc_runtime_IGateProvider_Interface__BASE__C                
000075bc  xdc_runtime_IHeap_Interface__BASE__C                        
000075c0  xdc_runtime_IModule_Interface__BASE__C                      
000075c4  xdc_runtime_Log_L_error__C                                  
000075c8  xdc_runtime_Memory_defaultHeapInstance__C                   
000075cc  xdc_runtime_Startup_execImpl__C                             
000075d0  xdc_runtime_Startup_maxPasses__C                            
000075d4  xdc_runtime_Startup_sfxnRts__C                              
000075d8  xdc_runtime_Startup_sfxnTab__C                              
000075dc  xdc_runtime_SysMin_bufSize__C                               
000075e0  xdc_runtime_SysMin_outputFunc__C                            
000075e4  xdc_runtime_System_Module__gateObj__C                       
000075e8  xdc_runtime_System_abortFxn__C                              
000075ec  xdc_runtime_System_exitFxn__C                               
000075f0  xdc_runtime_System_extendFxn__C                             
000075f4  xdc_runtime_System_maxAtexitHandlers__C                     
000075f8  xdc_runtime_Text_charTab__C                                 
000075fc  xdc_runtime_Text_nameEmpty__C                               
00007600  xdc_runtime_Text_nameStatic__C                              
00007604  xdc_runtime_Text_nameUnknown__C                             
00007608  xdc_runtime_Text_nodeTab__C                                 
0000760c  xdc_runtime_Text_visitRopeFxn__C                            
00007610  ti_sysbios_family_arm_m3_Hwi_Module__id__C                  
00007612  ti_sysbios_gates_GateMutex_Module__id__C                    
00007614  ti_sysbios_hal_Hwi_Module__id__C                            
00007616  ti_sysbios_heaps_HeapMem_Module__id__C                      
00007618  ti_sysbios_knl_Semaphore_Module__id__C                      
0000761a  ti_sysbios_knl_Task_Module__id__C                           
0000761c  xdc_runtime_Core_Module__id__C                              
0000761e  xdc_runtime_Error_Module__loggerDefined__C                  
00007620  xdc_runtime_Error_maxDepth__C                               
00007622  xdc_runtime_Memory_Module__id__C                            
00007624  xdc_runtime_SysMin_flushAtExit__C                           
00007626  xdc_runtime_Text_charCnt__C                                 
00007628  xdc_runtime_Text_isLoaded__C                                
0000762a  xdc_runtime_Text_registryModsLastId__C                      
0000762c  xdc_runtime_Text_unnamedModsLastId__C                       
00007630  __TI_static_base__                                          
000079ec  __TI_Handler_Table_Base                                     
000079f4  __TI_CINIT_Base                                             
000079f4  __TI_Handler_Table_Limit                                    
00007a0c  __TI_CINIT_Limit                                            
20000000  ti_sysbios_family_arm_m3_Hwi_ramVectors                     
20000140  ti_sysbios_heaps_HeapMem_Instance_State_0_buf__A            
20000540  ti_sysbios_knl_Task_Instance_State_0_stack__A               
20000740  ti_sysbios_family_arm_m3_Hwi_dispatchTable                  
20000880  __CIOBUF_                                                   
200009a0  xdc_runtime_SysMin_Module_State_0_outbuf__A                 
20000a58  PowerMSP432_perfLevels                                      
20000af4  ti_sysbios_knl_Swi_Module_State_0_readyQ__A                 
20000b74  ti_sysbios_knl_Task_Module_State_0_readyQ__A                
20000bf4  ti_sysbios_family_arm_msp432_Timer_Object__table__V         
20000c40  ti_sysbios_knl_Task_Object__table__V                        
20000c8c  ti_sysbios_knl_Task_Module__state__V                        
20000cd0  ti_sysbios_gates_GateMutex_Object__table__V                 
20000d08  ti_sysbios_family_arm_m3_Hwi_Module__state__V               
20000d6c  ti_sysbios_knl_Swi_Object__table__V                         
20000d9c  ti_sysbios_knl_Clock_Module__state__V                       
20000dc8  PowerMSP432_module                                          
20000df0  ti_sysbios_BIOS_Module__state__V                            
20000e14  ti_sysbios_family_arm_msp432_Timer_Module_State_0_device__A 
20000e34  ti_sysbios_knl_Swi_Module__state__V                         
20000e50  gpioPinConfigs                                              
20000e68  ti_sysbios_family_arm_m3_Hwi_Object__table__V               
20000e80  ti_sysbios_heaps_HeapMem_Object__table__V                   
20000e98  ti_sysbios_family_arm_msp432_Timer_Module_State_0_handles__A
20000ea8  __TI_cleanup_ptr                                            
20000eac  __TI_dtors_ptr                                              
20000eb0  __TI_enable_exit_profile_output                             
20000eb4  ti_sysbios_family_arm_msp432_ClockFreqs_Module__state__V    
20000ec0  ti_sysbios_family_arm_msp432_Timer_Module__state__V         
20000ecc  xdc_runtime_SysMin_Module__state__V                         
20000ed8  _lock                                                       
20000edc  _unlock                                                     
20000ee0  gpioCallbackFunctions                                       
20000ee8  ti_sysbios_family_arm_m3_Hwi_Module__root__V                
20000ef0  ti_sysbios_gates_GateHwi_Module__root__V                    
20000ef8  ti_sysbios_gates_GateMutex_Module__root__V                  
20000f00  ti_sysbios_heaps_HeapMem_Module__root__V                    
20000f08  ti_sysbios_knl_Queue_Module__root__V                        
20000f10  ti_sysbios_knl_Semaphore_Module__root__V                    
20000f18  xdc_runtime_Registry_Module__state__V                       
20000f20  xdc_runtime_Startup_Module__state__V                        
20000f28  xdc_runtime_System_Module_State_0_atexitHandlers__A         
20000f30  xdc_runtime_System_Module__state__V                         
20000f38  count                                                       
20000f3c  main_func_sp                                                
20000f40  ti_sysbios_family_arm_m3_Hwi_Module_State_0_excContext__A   
20000f44  ti_sysbios_family_arm_m3_Hwi_Module_State_0_excStack__A     
20000f48  ti_sysbios_gates_GateHwi_Object__table__V                   
20000f4c  ti_sysbios_knl_Task_Module_State_0_idleTask__A              
20000f50  xdc_runtime_Memory_Module__state__V                         
20000f54  ti_sysbios_family_arm_m3_Hwi_Module_State_0_excActive__A    
20000f56  xdc_runtime_Error_Module__state__V                          
2000fd00  __stack                                                     
20010000  __STACK_END                                                 
4000480c  WDTCTL_SYM                                                  
e000e000  ti_sysbios_family_arm_m3_Hwi_nvic                           
ffffffff  __TI_pprof_out_hndl                                         
ffffffff  __TI_prof_data_size                                         
ffffffff  __TI_prof_data_start                                        
ffffffff  __binit__                                                   
ffffffff  __c_args__                                                  
ffffffff  binit                                                       
UNDEFED   SHT$$INIT_ARRAY$$Base                                       
UNDEFED   SHT$$INIT_ARRAY$$Limit                                      

[564 symbols]
