******************************************************************************
                  TI ARM Linker PC v15.12.4                    
******************************************************************************
>> Linked Sun Jan 22 21:38:26 2017

OUTPUT FILE NAME:   <DigiPotMSP432P401R.out>
ENTRY POINT SYMBOL: "_c_int00"  address: 00003b79


MEMORY CONFIGURATION

         name            origin    length      used     unused   attr    fill
----------------------  --------  ---------  --------  --------  ----  --------
  MAIN                  00000000   00040000  000079b4  0003864c  R  X
  INFO                  00200000   00004000  00000000  00004000  R  X
  SRAM_CODE             01000000   00010000  00000000  00010000  RW X
  SRAM_DATA             20000000   00010000  0000125d  0000eda3  RW  


SEGMENT ALLOCATION MAP

run origin  load origin   length   init length attrs members
----------  ----------- ---------- ----------- ----- -------
00000000    00000000    000079bc   000079bc    r-x
  00000000    00000000    0000003c   0000003c    r-- .resetVecs
  00000040    00000040    0000588a   0000588a    r-x .text
  000058cc    000058cc    00001d12   00001d12    r-- .const
  000075e0    000075e0    000003dc   000003dc    r-- .cinit
20000000    20000000    00000f5d   00000000    rw-
  20000000    20000000    00000140   00000000    rw- .vecs
  20000140    20000140    00000918   00000000    rw- .bss
  20000a58    20000a58    00000505   00000000    rw- .data
2000fd00    2000fd00    00000300   00000000    rw-
  2000fd00    2000fd00    00000300   00000000    rw- .stack


SECTION ALLOCATION MAP

 output                                  attributes/
section   page    origin      length       input sections
--------  ----  ----------  ----------   ----------------
.text      0    00000040    0000588a     
                  00000040    00000430     sysbios.aem4f : BIOS.obj (.text:ti_sysbios_family_arm_m3_Hwi_excDumpRegs__I)
                  00000470    0000034c     ti.targets.arm.rtsarm.aem4f : System.oem4f (.text:xdc_runtime_System_doPrint__I)
                  000007bc    00000324     rtsv7M4_T_le_v4SPD16_eabi.lib : trgdrv.obj (.text)
                  00000ae0    000002ac     sysbios.aem4f : BIOS.obj (.text:ti_sysbios_knl_Semaphore_pend__E)
                  00000d8c    00000264     drivers_MSP432P401R.aem4f : PowerMSP432.oem4f (.text:Power_sleep)
                  00000ff0    00000254     sysbios.aem4f : BIOS.obj (.text:ti_sysbios_heaps_HeapMem_free__E)
                  00001244    00000004     msp432p4xx_driverlib.lib : cpu.o (.text:CPU_wfi)
                  00001248    00000248     sysbios.aem4f : BIOS.obj (.text:ti_sysbios_heaps_HeapMem_alloc__E)
                  00001490    000001fc                   : BIOS.obj (.text:ti_sysbios_family_arm_m3_Hwi_excHandlerMax__I)
                  0000168c    000001a0     msp432p4xx_driverlib.lib : pcm.o (.text:__PCM_setPowerStateAdvanced)
                  0000182c    00000004     tirtosport.aem4f : HwiP_tirtos.oem4f (.text:HwiP_disable)
                  00001830    00000174     sysbios.aem4f : BIOS.obj (.text:ti_sysbios_family_arm_m3_Hwi_excBusFault__I)
                  000019a4    00000004     drivers_MSP432P401R.aem4f : List.oem4f (.text:List_head)
                  000019a8    00000164     sysbios.aem4f : BIOS.obj (.text:ti_sysbios_family_arm_m3_Hwi_excUsageFault__I)
                  00001b0c    00000004     drivers_MSP432P401R.aem4f : List.oem4f (.text:List_next)
                  00001b10    00000148     sysbios.aem4f : BIOS.obj (.text:ti_sysbios_family_arm_m3_Hwi_excMemFault__I)
                  00001c58    00000140     drivers_MSP432P401R.aem4f : GPIOMSP432.oem4f (.text:GPIO_setConfig)
                  00001d98    0000013c     sysbios.aem4f : BIOS.obj (.text:ti_sysbios_heaps_HeapMem_Instance_init__E)
                  00001ed4    00000118     ti.targets.arm.rtsarm.aem4f : Error.oem4f (.text:xdc_runtime_Error_policyDefault__E)
                  00001fec    00000100                                 : Core-mem.oem4f (.text:xdc_runtime_Core_createObject__I)
                  000020ec    000000f8                                 : Startup.oem4f (.text:xdc_runtime_Startup_startMods__I)
                  000021e4    000000f8     empty_pem4f.oem4f (.text:xdc_runtime_System_printfExtend__I)
                  000022dc    000000f0     drivers_MSP432P401R.aem4f : PowerMSP432.oem4f (.text:initPerfControl)
                  000023cc    000000ec     sysbios.aem4f : m3_Hwi_asm.obj (.text:ti_sysbios_family_arm_m3_Hwi_dispatch__I)
                  000024b8    000000ec                   : BIOS.obj (.text:ti_sysbios_knl_Semaphore_post__E)
                  000025a4    000000e0     msp432p4xx_driverlib.lib : cs.o (.text:CS_initClockSignal)
                  00002684    000000dc                              : pcm.o (.text:__PCM_setPowerModeAdvanced)
                  00002760    000000cc     ti.targets.arm.rtsarm.aem4f : Core-smem.oem4f (.text:xdc_runtime_Core_constructObject__I)
                  0000282c    00000004     empty_pem4f.oem4f (.text:ti_sysbios_BIOS_RtsGateProxy_enter__E)
                  00002830    000000bc     sysbios.aem4f : BIOS.obj (.text:ti_sysbios_family_arm_m3_Hwi_excDebugMon__I)
                  000028ec    00000004     empty_pem4f.oem4f (.text:ti_sysbios_BIOS_RtsGateProxy_leave__E)
                  000028f0    000000bc     sysbios.aem4f : BIOS.obj (.text:ti_sysbios_family_arm_m3_Hwi_excHardFault__I)
                  000029ac    00000004     empty_pem4f.oem4f (.text:ti_sysbios_family_arm_m3_TaskSupport_Module__startupDone__S)
                  000029b0    000000b4     sysbios.aem4f : BIOS.obj (.text:ti_sysbios_gates_GateMutex_enter__E)
                  00002a64    00000004     empty_pem4f.oem4f (.text:ti_sysbios_heaps_HeapMem_Module_GateProxy_enter__E)
                  00002a68    000000b4     sysbios.aem4f : BIOS.obj (.text:ti_sysbios_knl_Task_checkStacks__E)
                  00002b1c    000000b0     msp432p4xx_driverlib.lib : pcm.o (.text:__PCM_setCoreVoltageLevelAdvanced)
                  00002bcc    00000004     empty_pem4f.oem4f (.text:ti_sysbios_heaps_HeapMem_Module_GateProxy_leave__E)
                  00002bd0    000000a8     sysbios.aem4f : BIOS.obj (.text:ti_sysbios_family_arm_msp432_Timer_periodicStub__E)
                  00002c78    000000a0     auto_init.aem4f : auto_init.oem4f (.text)
                  00002d18    000000a0     ti.targets.arm.rtsarm.aem4f : Text.oem4f (.text:xdc_runtime_Text_putMod__E)
                  00002db8    0000009c     rtsv7M4_T_le_v4SPD16_eabi.lib : memcpy_t2.obj (.text)
                  00002e54    00000004     empty_pem4f.oem4f (.text:ti_sysbios_knl_Clock_TimerProxy_getMaxTicks__E)
                  00002e58    0000009c     sysbios.aem4f : BIOS.obj (.text:ti_sysbios_knl_Semaphore_Instance_init__E)
                  00002ef4    00000004     empty_pem4f.oem4f (.text:ti_sysbios_knl_Queue_destruct)
                  00002ef8    0000009c     sysbios.aem4f : BIOS.obj (.text:ti_sysbios_knl_Task_postInit__I)
                  00002f94    0000009a     ti.targets.arm.rtsarm.aem4f : Text.oem4f (.text:xdc_runtime_Text_putSite__E)
                  0000302e    00000002     power_tirtos_MSP432P401R.aem4f : PowerMSP432_tirtos.oem4f (.text:PowerMSP432_initPolicy)
                  00003030    00000094     sysbios.aem4f : BIOS.obj (.text:ti_sysbios_family_arm_m3_Hwi_Instance_init__E)
                  000030c4    00000004     empty_pem4f.oem4f (.text:ti_sysbios_knl_Semaphore_destruct)
                  000030c8    00000094     sysbios.aem4f : BIOS.obj (.text:ti_sysbios_family_arm_m3_Hwi_initNVIC__E)
                  0000315c    0000008c                   : m3_TaskSupport_asm.obj (.text:ti_sysbios_family_arm_m3_TaskSupport_buildTaskStack)
                  000031e8    00000088                   : BIOS.obj (.text:ti_sysbios_family_arm_msp432_Timer_Module_startup__E)
                  00003270    00000084                   : BIOS.obj (.text:ti_sysbios_family_arm_m3_Hwi_postInit__I)
                  000032f4    0000007c     msp432p4xx_driverlib.lib : pcm.o (.text:PCM_gotoLPM3)
                  00003370    0000007a     rtsv7M4_T_le_v4SPD16_eabi.lib : memset_t2.obj (.text)
                  000033ea    00000002                                   : i_div0.obj (.text)
                  000033ec    0000006d     ti.targets.arm.rtsarm.aem4f : System.oem4f (.text:xdc_runtime_System_formatNum__I)
                  00003459    00000001     --HOLE-- [fill = 0]
                  0000345a    00000006     rtsv7M4_T_le_v4SPD16_eabi.lib : copy_decompress_rle.obj (.text:decompress:rle24)
                  00003460    0000006c     sysbios.aem4f : BIOS.obj (.text:ti_sysbios_knl_Clock_workFunc__E)
                  000034cc    00000004     ti.targets.arm.rtsarm.aem4f : Error.oem4f (.text:xdc_runtime_Error_getSite__E)
                  000034d0    0000006c     sysbios.aem4f : BIOS.obj (.text:ti_sysbios_knl_Swi_restoreHwi__E)
                  0000353c    00000004     empty_pem4f.oem4f (.text:xdc_runtime_System_Module_GateProxy_enter__E)
                  00003540    0000006c     sysbios.aem4f : BIOS.obj (.text:ti_sysbios_knl_Task_exit__E)
                  000035ac    0000006c     ti.targets.arm.rtsarm.aem4f : Error.oem4f (.text:xdc_runtime_Error_print__E)
                  00003618    0000006c                                 : Memory.oem4f (.text:xdc_runtime_Memory_alloc__E)
                  00003684    0000006a     rtsv7M4_T_le_v4SPD16_eabi.lib : copy_decompress_rle.obj (.text)
                  000036ee    00000002     empty_pem4f.oem4f (.text:ti_sysbios_BIOS_nullFunc__I)
                  000036f0    00000068     rtsv7M4_T_le_v4SPD16_eabi.lib : trgmsg.obj (.text)
                  00003758    00000066     ti.targets.arm.rtsarm.aem4f : Core-mem.oem4f (.text:xdc_runtime_Core_deleteObject__I)
                  000037be    00000002     --HOLE-- [fill = 0]
                  000037c0    00000064     sysbios.aem4f : BIOS.obj (.text:ti_sysbios_family_arm_m3_Hwi_dispatchC__I)
                  00003824    00000062     tirtosport.aem4f : HwiP_tirtos.oem4f (.text:HwiP_create)
                  00003886    00000002     --HOLE-- [fill = 0]
                  00003888    00000060     sysbios.aem4f : BIOS.obj (.text:ti_sysbios_knl_Task_schedule__I)
                  000038e8    0000005c     drivers_MSP432P401R.aem4f : GPIOMSP432.oem4f (.text:GPIO_init)
                  00003944    0000005c     X9C104.obj (.text:changeResistanceBtnFxn)
                  000039a0    0000005c     sysbios.aem4f : BIOS.obj (.text:ti_sysbios_knl_Swi_run__I)
                  000039fc    00000004     empty_pem4f.oem4f (.text:xdc_runtime_System_Module_GateProxy_leave__E)
                  00003a00    0000005c     sysbios.aem4f : BIOS.obj (.text:ti_sysbios_knl_Swi_schedule__I)
                  00003a5c    00000004     ti.targets.arm.rtsarm.aem4f : System.oem4f (.text:xdc_runtime_System_aprintf_va__F)
                  00003a60    0000005c     sysbios.aem4f : BIOS.obj (.text:ti_sysbios_knl_Task_Module_startup__E)
                  00003abc    00000004     ti.targets.arm.rtsarm.aem4f : System.oem4f (.text:xdc_runtime_System_printf_va__F)
                  00003ac0    0000005c     sysbios.aem4f : BIOS.obj (.text:ti_sysbios_knl_Task_startCore__E)
                  00003b1c    0000005b     ti.targets.arm.rtsarm.aem4f : Text.oem4f (.text:xdc_runtime_Text_putLab__E)
                  00003b77    00000001     --HOLE-- [fill = 0]
                  00003b78    00000058     boot.aem4f : boot.oem4f (.text)
                  00003bd0    00000058     empty_pem4f.oem4f (.text:ti_sysbios_family_arm_m3_Hwi_construct)
                  00003c28    00000058     sysbios.aem4f : m3_Hwi_asm_switch.obj (.text:ti_sysbios_family_arm_m3_Hwi_initStacks__E)
                  00003c80    00000054     drivers_MSP432P401R.aem4f : GPIOMSP432.oem4f (.text:GPIO_hwiIntFxn)
                  00003cd4    00000054                               : GPIOMSP432.oem4f (.text:GPIO_setCallback)
                  00003d28    00000054     rtsv7M4_T_le_v4SPD16_eabi.lib : exit.obj (.text)
                  00003d7c    00000004     --HOLE-- [fill = 0]
                  00003d80    00000054     sysbios.aem4f : BIOS.obj (.text:ti_sysbios_family_arm_msp432_Timer_initDevice__I)
                  00003dd4    00000004     --HOLE-- [fill = 0]
                  00003dd8    00000054                   : BIOS.obj (.text:ti_sysbios_family_arm_msp432_init_Boot_configureClocksHigh)
                  00003e2c    00000054     ti.targets.arm.rtsarm.aem4f : Assert.oem4f (.text:xdc_runtime_Assert_raise__I)
                  00003e80    00000050     drivers_MSP432P401R.aem4f : GPIOMSP432.oem4f (.text:GPIO_write)
                  00003ed0    00000050     msp432p4xx_driverlib.lib : pcm.o (.text:PCM_shutdownDevice)
                  00003f20    00000050     sysbios.aem4f : BIOS.obj (.text:ti_sysbios_family_arm_m3_Hwi_Module_startup__E)
                  00003f70    00000050     ti.targets.arm.rtsarm.aem4f : Startup.oem4f (.text:xdc_runtime_Startup_exec__E)
                  00003fc0    00000050                                 : Text.oem4f (.text:xdc_runtime_Text_visitRope2__I)
                  00004010    0000004c     rtsv7M4_T_le_v4SPD16_eabi.lib : cpy_tbl.obj (.text)
                  0000405c    00000004     --HOLE-- [fill = 0]
                  00004060    0000004c     sysbios.aem4f : BIOS.obj (.text:ti_sysbios_family_arm_msp432_Timer_start__E)
                  000040ac    00000004     --HOLE-- [fill = 0]
                  000040b0    0000004c                   : BIOS.obj (.text:ti_sysbios_heaps_HeapMem_getStats__E)
                  000040fc    00000004     --HOLE-- [fill = 0]
                  00004100    0000004c                   : BIOS.obj (.text:ti_sysbios_knl_Swi_runLoop__I)
                  0000414c    00000004     --HOLE-- [fill = 0]
                  00004150    0000004c                   : BIOS.obj (.text:ti_sysbios_knl_Task_allBlockedFunction__I)
                  0000419c    00000004     --HOLE-- [fill = 0]
                  000041a0    00000048                   : BIOS.obj (.text:ti_sysbios_family_arm_m3_Hwi_disableInterrupt__E)
                  000041e8    00000048                   : BIOS.obj (.text:ti_sysbios_family_arm_m3_Hwi_enableInterrupt__E)
                  00004230    00000048                   : BIOS.obj (.text:ti_sysbios_family_arm_m3_Hwi_excReserved__I)
                  00004278    00000046     ti.targets.arm.rtsarm.aem4f : Core-params.oem4f (.text:xdc_runtime_Core_assignParams__I)
                  000042be    00000002     --HOLE-- [fill = 0]
                  000042c0    00000044     drivers_MSP432P401R.aem4f : PowerMSP432.oem4f (.text:Power_init)
                  00004304    00000004     --HOLE-- [fill = 0]
                  00004308    00000044     sysbios.aem4f : BIOS.obj (.text:ti_sysbios_family_arm_m3_Hwi_getStackInfo__E)
                  0000434c    00000004     --HOLE-- [fill = 0]
                  00004350    00000044                   : BIOS.obj (.text:ti_sysbios_knl_Swi_post__E)
                  00004394    00000044     ti.targets.arm.rtsarm.aem4f : Error.oem4f (.text:xdc_runtime_Error_setX__E)
                  000043d8    00000044                                 : SysMin.oem4f (.text:xdc_runtime_SysMin_flush__E)
                  0000441c    00000044                                 : Text.oem4f (.text:xdc_runtime_Text_xprintf__I)
                  00004460    00000040     msp432p4xx_driverlib.lib : flash.o (.text:FlashCtl_disableReadBuffering)
                  000044a0    00000040     drivers_MSP432P401R.aem4f : PowerMSP432.oem4f (.text:notify)
                  000044e0    00000040     rtsv7M4_T_le_v4SPD16_eabi.lib : u_divt2.obj (.text)
                  00004520    00000040     sysbios.aem4f : BIOS.obj (.text:ti_sysbios_family_arm_msp432_Timer_startup__E)
                  00004560    0000003c     power_tirtos_MSP432P401R.aem4f : PowerMSP432_tirtos.oem4f (.text:PowerMSP432_sleepPolicy)
                  0000459c    00000004     --HOLE-- [fill = 0]
                  000045a0    0000003c     sysbios.aem4f : BIOS.obj (.text:ti_sysbios_family_arm_m3_Hwi_excSvCall__I)
                  000045dc    00000004     --HOLE-- [fill = 0]
                  000045e0    0000003c                   : BIOS.obj (.text:ti_sysbios_heaps_HeapMem_init__I)
                  0000461c    00000004     --HOLE-- [fill = 0]
                  00004620    0000003c                   : BIOS.obj (.text:ti_sysbios_knl_Swi_restore__E)
                  0000465c    00000038     main.obj (.text:main)
                  00004694    00000004     --HOLE-- [fill = 0]
                  00004698    00000038     sysbios.aem4f : BIOS.obj (.text:ti_sysbios_family_arm_m3_Hwi_excNoIsr__I)
                  000046d0    00000038                   : BIOS.obj (.text:ti_sysbios_knl_Task_processVitalTaskFlag__I)
                  00004708    00000038     ti.targets.arm.rtsarm.aem4f : SysMin.oem4f (.text:xdc_runtime_SysMin_putch__E)
                  00004740    00000038                                 : System.oem4f (.text:xdc_runtime_System_atexit__E)
                  00004778    00000034     msp432p4xx_driverlib.lib : flash.o (.text:FlashCtl_enableReadBuffering)
                  000047ac    00000004     --HOLE-- [fill = 0]
                  000047b0    00000034     sysbios.aem4f : BIOS.obj (.text:ti_sysbios_family_arm_m3_Hwi_Instance_finalize__E)
                  000047e4    00000004     --HOLE-- [fill = 0]
                  000047e8    00000034                   : BIOS.obj (.text:ti_sysbios_family_arm_m3_Hwi_excNmi__I)
                  0000481c    00000004     --HOLE-- [fill = 0]
                  00004820    00000034                   : BIOS.obj (.text:ti_sysbios_hal_Hwi_checkStack)
                  00004854    00000034     ti.targets.arm.rtsarm.aem4f : Core-label.oem4f (.text:xdc_runtime_Core_assignLabel__I)
                  00004888    00000033                                 : Text.oem4f (.text:xdc_runtime_Text_printVisFxn__I)
                  000048bb    00000005     --HOLE-- [fill = 0]
                  000048c0    00000032     sysbios.aem4f : BIOS.obj (.text:ti_sysbios_hal_Hwi_initStack)
                  000048f2    00000002     --HOLE-- [fill = 0]
                  000048f4    00000030     msp432p4xx_driverlib.lib : gpio.o (.text:GPIO_getEnabledInterruptStatus)
                  00004924    00000030                              : gpio.o (.text:GPIO_setAsInputPinWithPullDownResistor)
                  00004954    00000030                              : gpio.o (.text:GPIO_setAsInputPinWithPullUpResistor)
                  00004984    00000030     drivers_MSP432P401R.aem4f : GPIOMSP432.oem4f (.text:GPIO_toggle)
                  000049b4    00000030     X9C104.obj (.text:changeWiperDirBtnFxn)
                  000049e4    00000030     empty_pem4f.oem4f (.text:ti_sysbios_BIOS_atExitFunc__I)
                  00004a14    00000030     empty_pem4f.oem4f (.text:ti_sysbios_BIOS_startFunc__I)
                  00004a44    00000004     --HOLE-- [fill = 0]
                  00004a48    00000030     sysbios.aem4f : BIOS.obj (.text:ti_sysbios_family_arm_m3_TaskSupport_start__E)
                  00004a78    00000030     empty_pem4f.oem4f (.text:ti_sysbios_gates_GateHwi_Object__create__S)
                  00004aa8    00000030     empty_pem4f.oem4f (.text:ti_sysbios_gates_GateMutex_Object__create__S)
                  00004ad8    00000030     empty_pem4f.oem4f (.text:ti_sysbios_heaps_HeapMem_Object__create__S)
                  00004b08    00000030     empty_pem4f.oem4f (.text:ti_sysbios_knl_Semaphore_construct)
                  00004b38    00000030     sysbios.aem4f : BIOS.obj (.text:ti_sysbios_knl_Semaphore_pendTimeout__I)
                  00004b68    00000030                   : BIOS.obj (.text:ti_sysbios_knl_Task_unblockI__E)
                  00004b98    00000030     ti.targets.arm.rtsarm.aem4f : SysMin.oem4f (.text:xdc_runtime_SysMin_abort__E)
                  00004bc8    00000030                                 : System.oem4f (.text:xdc_runtime_System_processAtExit__E)
                  00004bf8    0000002c     msp432p4xx_driverlib.lib : gpio.o (.text:GPIO_setAsInputPin)
                  00004c24    0000002c                              : pcm.o (.text:PCM_getCoreVoltageLevel)
                  00004c50    0000002c     power_tirtos_MSP432P401R.aem4f : PowerMSP432_tirtos.oem4f (.text:PowerMSP432_updateFreqs)
                  00004c7c    0000002c     empty_pem4f.oem4f (.text:ti_sysbios_knl_Clock_doTick__I)
                  00004ca8    0000002c     empty_pem4f.oem4f (.text:ti_sysbios_knl_Queue_construct)
                  00004cd4    00000004     --HOLE-- [fill = 0]
                  00004cd8    0000002c     sysbios.aem4f : BIOS.obj (.text:ti_sysbios_knl_Task_restore__E)
                  00004d04    0000002c     ti.targets.arm.rtsarm.aem4f : Text.oem4f (.text:xdc_runtime_Text_cordText__E)
                  00004d30    0000002a     msp432p4xx_driverlib.lib : pcm.o (.text:PCM_getPowerMode)
                  00004d5a    0000002a     ti.targets.arm.rtsarm.aem4f : System.oem4f (.text:xdc_runtime_System_putchar__I)
                  00004d84    00000028     msp432p4xx_driverlib.lib : flash.o (.text:FlashCtl_setWaitState)
                  00004dac    00000028     drivers_MSP432P401R.aem4f : GPIOMSP432.oem4f (.text:GPIO_enableInt)
                  00004dd4    00000028     msp432p4xx_driverlib.lib : pcm.o (.text:PCM_gotoLPM0)
                  00004dfc    00000004     --HOLE-- [fill = 0]
                  00004e00    00000028     sysbios.aem4f : BIOS.obj (.text:ti_sysbios_knl_Swi_Module_startup__E)
                  00004e28    00000026                   : m3_Hwi_asm.obj (.text:ti_sysbios_family_arm_m3_Hwi_pendSV__I)
                  00004e4e    00000026     ti.targets.arm.rtsarm.aem4f : System.oem4f (.text:xdc_runtime_System_avprintf__E)
                  00004e74    00000024     msp432p4xx_driverlib.lib : cs.o (.text:CS_setDCOCenteredFrequency)
                  00004e98    00000024                              : gpio.o (.text:GPIO_setAsOutputPin)
                  00004ebc    00000024                              : rtc_c.o (.text:RTC_C_holdClock)
                  00004ee0    00000024                              : rtc_c.o (.text:RTC_C_startClock)
                  00004f04    00000024     empty_pem4f.oem4f (.text:ti_sysbios_BIOS_errorRaiseHook__I)
                  00004f28    00000024     empty_pem4f.oem4f (.text:ti_sysbios_BIOS_registerRTSLock__I)
                  00004f4c    00000024     empty_pem4f.oem4f (.text:ti_sysbios_BIOS_removeRTSLock__I)
                  00004f70    00000024     sysbios.aem4f : BIOS.obj (.text:ti_sysbios_family_arm_msp432_ClockFreqs_setFrequency__E)
                  00004f94    00000024     empty_pem4f.oem4f (.text:ti_sysbios_gates_GateMutex_Object__delete__S)
                  00004fb8    00000024     sysbios.aem4f : BIOS.obj (.text:ti_sysbios_knl_Clock_Module_startup__E)
                  00004fdc    00000004     --HOLE-- [fill = 0]
                  00004fe0    00000024                   : BIOS.obj (.text:ti_sysbios_knl_Task_restoreHwi__E)
                  00005004    00000024     ti.targets.arm.rtsarm.aem4f : System.oem4f (.text:xdc_runtime_System_vprintf__E)
                  00005028    00000022     empty_pem4f.oem4f (.text:xdc_runtime_SysMin_output__I)
                  0000504a    00000002     --HOLE-- [fill = 0]
                  0000504c    00000020     msp432p4xx_driverlib.lib : gpio.o (.text:GPIO_interruptEdgeSelect)
                  0000506c    00000020     empty_pem4f.oem4f (.text:ti_sysbios_BIOS_rtsLock__I)
                  0000508c    00000020     sysbios.aem4f : m3_Hwi_asm.obj (.text:ti_sysbios_family_arm_m3_Hwi_excHandlerAsm__I)
                  000050ac    00000004     --HOLE-- [fill = 0]
                  000050b0    00000020                   : BIOS.obj (.text:ti_sysbios_family_arm_m3_Hwi_excHandler__I)
                  000050d0    00000020     empty_pem4f.oem4f (.text:ti_sysbios_gates_GateHwi_Object__delete__S)
                  000050f0    00000020     empty_pem4f.oem4f (.text:ti_sysbios_heaps_HeapMem_Object__delete__S)
                  00005110    00000020     sysbios.aem4f : BIOS.obj (.text:ti_sysbios_knl_Idle_run__E)
                  00005130    00000020     empty_pem4f.oem4f (.text:ti_sysbios_knl_Semaphore_Object__destruct__S)
                  00005150    00000020     ti.targets.arm.rtsarm.aem4f : Registry.oem4f (.text:xdc_runtime_Registry_findById__E)
                  00005170    00000020                                 : SysMin.oem4f (.text:xdc_runtime_SysMin_Module_startup__E)
                  00005190    0000001e     sysbios.aem4f : m3_Hwi_asm_switch.obj (.text:ti_sysbios_family_xxx_Hwi_switchAndRunFunc)
                  000051ae    00000002     --HOLE-- [fill = 0]
                  000051b0    0000001c     msp432p4xx_driverlib.lib : pcm.o (.text:PCM_enableRudeMode)
                  000051cc    00000004     --HOLE-- [fill = 0]
                  000051d0    0000001c     sysbios.aem4f : BIOS.obj (.text:ti_sysbios_gates_GateMutex_Instance_init__E)
                  000051ec    0000001c     empty_pem4f.oem4f (.text:ti_sysbios_knl_Queue_Object__destruct__S)
                  00005208    0000001c     sysbios.aem4f : BIOS.obj (.text:ti_sysbios_knl_Queue_put__E)
                  00005224    00000004     --HOLE-- [fill = 0]
                  00005228    0000001c                   : BIOS.obj (.text:ti_sysbios_knl_Task_enter__I)
                  00005244    0000001c     ti.targets.arm.rtsarm.aem4f : Error.oem4f (.text:xdc_runtime_Error_raiseX__E)
                  00005260    0000001c                                 : Memory.oem4f (.text:xdc_runtime_Memory_valloc__E)
                  0000527c    0000001c                                 : SysMin.oem4f (.text:xdc_runtime_SysMin_exit__E)
                  00005298    0000001c                                 : System.oem4f (.text:xdc_runtime_System_abort__E)
                  000052b4    0000001a     empty_pem4f.oem4f (.text:ti_sysbios_family_arm_m3_Hwi_Handle__label__S)
                  000052ce    0000001a     empty_pem4f.oem4f (.text:ti_sysbios_gates_GateHwi_Handle__label__S)
                  000052e8    0000001a     empty_pem4f.oem4f (.text:ti_sysbios_gates_GateMutex_Handle__label__S)
                  00005302    0000001a     empty_pem4f.oem4f (.text:ti_sysbios_heaps_HeapMem_Handle__label__S)
                  0000531c    0000001a     empty_pem4f.oem4f (.text:ti_sysbios_knl_Swi_Handle__label__S)
                  00005336    0000001a     empty_pem4f.oem4f (.text:ti_sysbios_knl_Task_Handle__label__S)
                  00005350    0000001a     empty_pem4f.oem4f (.text:xdc_runtime_System_aprintf__E)
                  0000536a    0000001a     empty_pem4f.oem4f (.text:xdc_runtime_System_printf__E)
                  00005384    00000018     msp432p4xx_driverlib.lib : gpio.o (.text:GPIO_clearInterruptFlag)
                  0000539c    00000018                              : gpio.o (.text:GPIO_setDriveStrengthLow)
                  000053b4    00000018                              : gpio.o (.text:GPIO_setOutputLowOnPin)
                  000053cc    00000018                              : wdt_a.o (.text:WDT_A_holdTimer)
                  000053e4    00000018     rtsv7M4_T_le_v4SPD16_eabi.lib : args_main.obj (.text)
                  000053fc    00000018     empty_pem4f.oem4f (.text:ti_sysbios_BIOS_rtsUnlock__I)
                  00005414    00000018     empty_pem4f.oem4f (.text:ti_sysbios_family_arm_m3_Hwi_Module__startupDone__F)
                  0000542c    00000018     sysbios.aem4f : m3_TaskSupport_asm.obj (.text:ti_sysbios_family_arm_m3_TaskSupport_swap__E)
                  00005444    00000018     empty_pem4f.oem4f (.text:ti_sysbios_family_arm_msp432_Timer_Module__startupDone__F)
                  0000545c    00000004     --HOLE-- [fill = 0]
                  00005460    00000018     sysbios.aem4f : BIOS.obj (.text:ti_sysbios_gates_GateMutex_leave__E)
                  00005478    00000018     ti.targets.arm.rtsarm.aem4f : Error.oem4f (.text:xdc_runtime_Error_check__E)
                  00005490    00000018                                 : System.oem4f (.text:xdc_runtime_System_exit__E)
                  000054a8    00000018                                 : Text.oem4f (.text:xdc_runtime_Text_ropeText__E)
                  000054c0    00000016     empty_pem4f.oem4f (.text:ti_sysbios_BIOS_exitFunc__I)
                  000054d6    00000002     --HOLE-- [fill = 0]
                  000054d8    00000014     msp432p4xx_driverlib.lib : gpio.o (.text:GPIO_enableInterrupt)
                  000054ec    00000014                              : gpio.o (.text:GPIO_setDriveStrengthHigh)
                  00005500    00000014                              : gpio.o (.text:GPIO_setOutputHighOnPin)
                  00005514    00000014                              : gpio.o (.text:GPIO_toggleOutputOnPin)
                  00005528    00000014     drivers_MSP432P401R.aem4f : PowerMSP432.oem4f (.text:Power_idleFunc)
                  0000553c    00000014     msp432p4xx_driverlib.lib : wdt_a.o (.text:WDT_A_startTimer)
                  00005550    00000014     rtsv7M4_T_le_v4SPD16_eabi.lib : _lock.obj (.text)
                  00005564    00000014                                   : strcpy.obj (.text)
                  00005578    00000014                                   : strlen.obj (.text)
                  0000558c    00000014     empty_pem4f.oem4f (.text:ti_sysbios_family_arm_m3_Hwi_Object__get__S)
                  000055a0    00000014     sysbios.aem4f : BIOS.obj (.text:ti_sysbios_family_arm_m3_Hwi_switchFromBootStack__E)
                  000055b4    00000014     empty_pem4f.oem4f (.text:ti_sysbios_heaps_HeapMem_Object__get__S)
                  000055c8    00000014     empty_pem4f.oem4f (.text:ti_sysbios_knl_Swi_Object__get__S)
                  000055dc    00000004     --HOLE-- [fill = 0]
                  000055e0    00000012     sysbios.aem4f : BIOS.obj (.text:ti_sysbios_hal_Hwi_Module_startup__E)
                  000055f2    00000012     empty_pem4f.oem4f (.text:xdc_runtime_Startup_exec__I)
                  00005604    00000010     msp432p4xx_driverlib.lib : gpio.o (.text:GPIO_getInterruptStatus)
                  00005614    00000010                              : pcm.o (.text:PCM_gotoLPM4)
                  00005624    00000004     --HOLE-- [fill = 0]
                  00005628    00000010     sysbios.aem4f : BIOS.obj (.text:ti_sysbios_BIOS_setCpuFreq__E)
                  00005638    00000010                   : BIOS.obj (.text:ti_sysbios_BIOS_setThreadType__E)
                  00005648    00000010                   : BIOS.obj (.text:ti_sysbios_BIOS_start__E)
                  00005658    00000010                   : m3_TaskSupport_asm.obj (.text:ti_sysbios_family_arm_m3_TaskSupport_glue)
                  00005668    00000010                   : BIOS.obj (.text:ti_sysbios_family_arm_msp432_init_Boot_disableWatchdog)
                  00005678    00000010                   : BIOS.obj (.text:ti_sysbios_gates_GateMutex_Instance_finalize__E)
                  00005688    00000010                   : BIOS.obj (.text:ti_sysbios_knl_Semaphore_Instance_finalize__E)
                  00005698    00000010                   : BIOS.obj (.text:ti_sysbios_knl_Swi_disable__E)
                  000056a8    00000010     empty_pem4f.oem4f (.text:ti_sysbios_knl_Task_Object__get__S)
                  000056b8    00000010     sysbios.aem4f : BIOS.obj (.text:ti_sysbios_knl_Task_disable__E)
                  000056c8    00000010     ti.targets.arm.rtsarm.aem4f : Gate.oem4f (.text:xdc_runtime_Gate_leaveSystem__E)
                  000056d8    00000010                                 : Memory.oem4f (.text:xdc_runtime_Memory_free__E)
                  000056e8    00000010                                 : SysMin.oem4f (.text:xdc_runtime_SysMin_ready__E)
                  000056f8    00000010                                 : System.oem4f (.text:xdc_runtime_System_vsnprintf__E)
                  00005708    00000010     empty_pem4f.oem4f (.text:xdc_runtime_Text_visitRope__I)
                  00005718    0000000e     tirtosport.aem4f : HwiP_tirtos.oem4f (.text:HwiP_Params_init)
                  00005726    0000000e     rtsv7M4_T_le_v4SPD16_eabi.lib : copy_decompress_none.obj (.text:decompress:none)
                  00005734    00000004     --HOLE-- [fill = 0]
                  00005738    0000000e     sysbios.aem4f : BIOS.obj (.text:ti_sysbios_knl_Idle_loop__E)
                  00005746    00000002     --HOLE-- [fill = 0]
                  00005748    0000000e                   : BIOS.obj (.text:ti_sysbios_knl_Queue_empty__E)
                  00005756    0000000c     empty_pem4f.oem4f (.text:.bootCodeSection:ti_sysbios_family_arm_msp432_init_Boot_init__I)
                  00005762    0000000c     msp432p4xx_driverlib.lib : cpu.o (.text:CPU_cpsid)
                  0000576e    0000000c                              : cpu.o (.text:CPU_cpsie)
                  0000577a    00000002     --HOLE-- [fill = 0]
                  0000577c    0000000c                              : pcm.o (.text:PCM_getPowerState)
                  00005788    0000000c     drivers_MSP432P401R.aem4f : PowerMSP432.oem4f (.text:Power_getConstraintMask)
                  00005794    0000000c     empty_pem4f.oem4f (.text:ti_sysbios_family_arm_m3_Hwi_Params__init__S)
                  000057a0    0000000c     sysbios.aem4f : BIOS.obj (.text:ti_sysbios_family_arm_m3_Hwi_disableFxn__E)
                  000057ac    00000004     --HOLE-- [fill = 0]
                  000057b0    0000000c                   : BIOS.obj (.text:ti_sysbios_family_arm_m3_TaskSupport_checkStack__E)
                  000057bc    00000004     --HOLE-- [fill = 0]
                  000057c0    0000000c                   : BIOS.obj (.text:ti_sysbios_family_arm_msp432_Timer_getMaxTicks__E)
                  000057cc    00000004     --HOLE-- [fill = 0]
                  000057d0    0000000c                   : BIOS.obj (.text:ti_sysbios_gates_GateHwi_enter__E)
                  000057dc    0000000c     empty_pem4f.oem4f (.text:ti_sysbios_knl_Queue_Object__get__S)
                  000057e8    0000000c     ti.targets.arm.rtsarm.aem4f : Error.oem4f (.text:xdc_runtime_Error_init__E)
                  000057f4    0000000c                                 : Gate.oem4f (.text:xdc_runtime_Gate_enterSystem__E)
                  00005800    0000000c                                 : Memory.oem4f (.text:xdc_runtime_Memory_calloc__E)
                  0000580c    0000000c                                 : Memory.oem4f (.text:xdc_runtime_Memory_getMaxDefaultTypeAlign__E)
                  00005818    0000000c                                 : Startup.oem4f (.text:xdc_runtime_Startup_rtsDone__E)
                  00005824    0000000a     empty_pem4f.oem4f (.text:xdc_runtime_IHeap_alloc)
                  0000582e    0000000a     empty_pem4f.oem4f (.text:xdc_runtime_IHeap_free)
                  00005838    00000008     MSP_EXP432P401R.obj (.text:MSP_EXP432P401R_initGPIO)
                  00005840    00000008     MSP_EXP432P401R.obj (.text:MSP_EXP432P401R_initGeneral)
                  00005848    00000008     msp432p4xx_driverlib.lib : pcm.o (.text:PCM_setPowerMode)
                  00005850    00000008                              : pcm.o (.text:PCM_setPowerState)
                  00005858    00000008     sysbios.aem4f : BIOS.obj (.text:ti_sysbios_family_arm_m3_Hwi_doSwiRestore__I)
                  00005860    00000008                   : BIOS.obj (.text:ti_sysbios_family_arm_m3_Hwi_startup__E)
                  00005868    00000006                   : BIOS.obj (.text:ti_sysbios_family_arm_m3_Hwi_doTaskRestore__I)
                  0000586e    00000002     --HOLE-- [fill = 0]
                  00005870    00000006                   : BIOS.obj (.text:ti_sysbios_family_arm_m3_Hwi_restoreFxn__E)
                  00005876    00000002     --HOLE-- [fill = 0]
                  00005878    00000006                   : BIOS.obj (.text:ti_sysbios_gates_GateHwi_leave__E)
                  0000587e    00000002     --HOLE-- [fill = 0]
                  00005880    00000006                   : BIOS.obj (.text:ti_sysbios_heaps_HeapMem_isBlocking__E)
                  00005886    00000002     --HOLE-- [fill = 0]
                  00005888    00000006                   : BIOS.obj (.text:ti_sysbios_knl_Queue_Instance_init__E)
                  0000588e    00000002     --HOLE-- [fill = 0]
                  00005890    00000006                   : BIOS.obj (.text:ti_sysbios_knl_Swi_startup__E)
                  00005896    00000006     ti.targets.arm.rtsarm.aem4f : System.oem4f (.text:xdc_runtime_System_Module_startup__E)
                  0000589c    00000004     --HOLE-- [fill = 0]
                  000058a0    00000004     sysbios.aem4f : BIOS.obj (.text:ti_sysbios_gates_GateHwi_query__E)
                  000058a4    00000004     --HOLE-- [fill = 0]
                  000058a8    00000004                   : BIOS.obj (.text:ti_sysbios_gates_GateMutex_query__E)
                  000058ac    00000004     --HOLE-- [fill = 0]
                  000058b0    00000004                   : BIOS.obj (.text:ti_sysbios_knl_Task_startup__E)
                  000058b4    00000004     --HOLE-- [fill = 0]
                  000058b8    00000002                   : BIOS.obj (.text:ti_sysbios_BIOS_linkedWithIncorrectBootLibrary__E)
                  000058ba    00000006     --HOLE-- [fill = 0]
                  000058c0    00000002                   : BIOS.obj (.text:ti_sysbios_gates_GateHwi_Instance_init__E)
                  000058c2    00000006     --HOLE-- [fill = 0]
                  000058c8    00000002                   : BIOS.obj (.text:ti_sysbios_knl_Clock_logTick__E)

.const     0    000058cc    00001d12     
                  000058cc    0000181b     empty_pem4f.oem4f (.const:xdc_runtime_Text_charTab__A)
                  000070e7    00000001     empty_pem4f.oem4f (.const:xdc_runtime_Error_policy__C)
                  000070e8    000000b0     empty_pem4f.oem4f (.const:xdc_runtime_Text_nodeTab__A)
                  00007198    00000048     empty_pem4f.oem4f (.const:.string)
                  000071e0    00000030     empty_pem4f.oem4f (.const:ti_sysbios_family_arm_m3_Hwi_Object__PARAMS__C)
                  00007210    00000028     empty_pem4f.oem4f (.const:ti_sysbios_heaps_HeapMem_Module__FXNS__C)
                  00007238    00000024     empty_pem4f.oem4f (.const:ti_sysbios_gates_GateHwi_Module__FXNS__C)
                  0000725c    00000024     empty_pem4f.oem4f (.const:ti_sysbios_gates_GateMutex_Module__FXNS__C)
                  00007280    00000024     empty_pem4f.oem4f (.const:ti_sysbios_heaps_HeapMem_Object__PARAMS__C)
                  000072a4    00000024     empty_pem4f.oem4f (.const:ti_sysbios_knl_Semaphore_Object__PARAMS__C)
                  000072c8    00000020     empty_pem4f.oem4f (.const:ti_sysbios_family_arm_m3_Hwi_Object__DESC__C)
                  000072e8    00000020     empty_pem4f.oem4f (.const:ti_sysbios_gates_GateHwi_Object__DESC__C)
                  00007308    00000020     empty_pem4f.oem4f (.const:ti_sysbios_gates_GateMutex_Object__DESC__C)
                  00007328    00000020     empty_pem4f.oem4f (.const:ti_sysbios_heaps_HeapMem_Object__DESC__C)
                  00007348    00000020     empty_pem4f.oem4f (.const:ti_sysbios_knl_Queue_Object__DESC__C)
                  00007368    00000020     empty_pem4f.oem4f (.const:ti_sysbios_knl_Semaphore_Object__DESC__C)
                  00007388    00000020     empty_pem4f.oem4f (.const:xdc_runtime_Startup_sfxnTab__A)
                  000073a8    00000018     empty_pem4f.oem4f (.const:ti_sysbios_gates_GateHwi_Object__PARAMS__C)
                  000073c0    00000018     empty_pem4f.oem4f (.const:ti_sysbios_gates_GateMutex_Object__PARAMS__C)
                  000073d8    00000018     empty_pem4f.oem4f (.const:ti_sysbios_knl_Queue_Object__PARAMS__C)
                  000073f0    00000014     MSP_EXP432P401R.obj (.const:GPIOMSP432_config)
                  00007404    00000010     MSP_EXP432P401R.obj (.const:PowerMSP432_config)
                  00007414    00000010     empty_pem4f.oem4f (.const:xdc_runtime_Startup_sfxnRts__A)
                  00007424    0000000c     drivers_MSP432P401R.aem4f : GPIOMSP432.oem4f (.const:.string)
                  00007430    0000000c     empty_pem4f.oem4f (.const:xdc_runtime_Startup_firstFxns__A)
                  0000743c    00000008     empty_pem4f.oem4f (.const:ti_sysbios_family_arm_m3_Hwi_excHookFuncs__A)
                  00007444    00000008     empty_pem4f.oem4f (.const:ti_sysbios_knl_Idle_funcList__A)
                  0000744c    00000008     empty_pem4f.oem4f (.const:ti_sysbios_knl_Idle_funcList__C)
                  00007454    00000008     empty_pem4f.oem4f (.const:xdc_runtime_Startup_firstFxns__C)
                  0000745c    00000008     empty_pem4f.oem4f (.const:xdc_runtime_Startup_lastFxns__C)
                  00007464    00000004     empty_pem4f.oem4f (.const:ti_sysbios_family_arm_m3_Hwi_E_NMI__C)
                  00007468    00000004     empty_pem4f.oem4f (.const:ti_sysbios_family_arm_m3_Hwi_E_alreadyDefined__C)
                  0000746c    00000004     empty_pem4f.oem4f (.const:ti_sysbios_family_arm_m3_Hwi_E_busFault__C)
                  00007470    00000004     empty_pem4f.oem4f (.const:ti_sysbios_family_arm_m3_Hwi_E_debugMon__C)
                  00007474    00000004     empty_pem4f.oem4f (.const:ti_sysbios_family_arm_m3_Hwi_E_hardFault__C)
                  00007478    00000004     empty_pem4f.oem4f (.const:ti_sysbios_family_arm_m3_Hwi_E_memFault__C)
                  0000747c    00000004     empty_pem4f.oem4f (.const:ti_sysbios_family_arm_m3_Hwi_E_noIsr__C)
                  00007480    00000004     empty_pem4f.oem4f (.const:ti_sysbios_family_arm_m3_Hwi_E_reserved__C)
                  00007484    00000004     empty_pem4f.oem4f (.const:ti_sysbios_family_arm_m3_Hwi_E_svCall__C)
                  00007488    00000004     empty_pem4f.oem4f (.const:ti_sysbios_family_arm_m3_Hwi_E_usageFault__C)
                  0000748c    00000004     empty_pem4f.oem4f (.const:ti_sysbios_family_arm_m3_Hwi_NUM_INTERRUPTS__C)
                  00007490    00000004     empty_pem4f.oem4f (.const:ti_sysbios_family_arm_m3_Hwi_Object__count__C)
                  00007494    00000004     empty_pem4f.oem4f (.const:ti_sysbios_family_arm_m3_Hwi_ccr__C)
                  00007498    00000004     empty_pem4f.oem4f (.const:ti_sysbios_family_arm_m3_Hwi_excHandlerFunc__C)
                  0000749c    00000004     empty_pem4f.oem4f (.const:ti_sysbios_family_arm_m3_Hwi_excHookFuncs__C)
                  000074a0    00000004     empty_pem4f.oem4f (.const:ti_sysbios_family_arm_m3_Hwi_nullIsrFunc__C)
                  000074a4    00000004     empty_pem4f.oem4f (.const:ti_sysbios_family_arm_m3_Hwi_priGroup__C)
                  000074a8    00000004     empty_pem4f.oem4f (.const:ti_sysbios_family_arm_msp432_Timer_numTimerDevices__C)
                  000074ac    00000004     empty_pem4f.oem4f (.const:ti_sysbios_family_arm_msp432_Timer_startupNeeded__C)
                  000074b0    00000004     empty_pem4f.oem4f (.const:ti_sysbios_gates_GateMutex_A_badContext__C)
                  000074b4    00000004     empty_pem4f.oem4f (.const:ti_sysbios_gates_GateMutex_Instance_State_sem__O)
                  000074b8    00000004     empty_pem4f.oem4f (.const:ti_sysbios_gates_GateMutex_Module__diagsEnabled__C)
                  000074bc    00000004     empty_pem4f.oem4f (.const:ti_sysbios_gates_GateMutex_Module__diagsIncluded__C)
                  000074c0    00000004     empty_pem4f.oem4f (.const:ti_sysbios_gates_GateMutex_Module__diagsMask__C)
                  000074c4    00000004     empty_pem4f.oem4f (.const:ti_sysbios_hal_Hwi_E_stackOverflow__C)
                  000074c8    00000004     empty_pem4f.oem4f (.const:ti_sysbios_heaps_HeapMem_A_align__C)
                  000074cc    00000004     empty_pem4f.oem4f (.const:ti_sysbios_heaps_HeapMem_A_heapSize__C)
                  000074d0    00000004     empty_pem4f.oem4f (.const:ti_sysbios_heaps_HeapMem_A_invalidFree__C)
                  000074d4    00000004     empty_pem4f.oem4f (.const:ti_sysbios_heaps_HeapMem_A_zeroBlock__C)
                  000074d8    00000004     empty_pem4f.oem4f (.const:ti_sysbios_heaps_HeapMem_E_memory__C)
                  000074dc    00000004     empty_pem4f.oem4f (.const:ti_sysbios_heaps_HeapMem_Module__diagsEnabled__C)
                  000074e0    00000004     empty_pem4f.oem4f (.const:ti_sysbios_heaps_HeapMem_Module__diagsIncluded__C)
                  000074e4    00000004     empty_pem4f.oem4f (.const:ti_sysbios_heaps_HeapMem_Module__diagsMask__C)
                  000074e8    00000004     empty_pem4f.oem4f (.const:ti_sysbios_heaps_HeapMem_Module__gateObj__C)
                  000074ec    00000004     empty_pem4f.oem4f (.const:ti_sysbios_heaps_HeapMem_Object__count__C)
                  000074f0    00000004     empty_pem4f.oem4f (.const:ti_sysbios_heaps_HeapMem_reqAlign__C)
                  000074f4    00000004     empty_pem4f.oem4f (.const:ti_sysbios_knl_Clock_Module_State_clockQ__O)
                  000074f8    00000004     empty_pem4f.oem4f (.const:ti_sysbios_knl_Semaphore_A_badContext__C)
                  000074fc    00000004     empty_pem4f.oem4f (.const:ti_sysbios_knl_Semaphore_A_noEvents__C)
                  00007500    00000004     empty_pem4f.oem4f (.const:ti_sysbios_knl_Semaphore_A_overflow__C)
                  00007504    00000004     empty_pem4f.oem4f (.const:ti_sysbios_knl_Semaphore_A_pendTaskDisabled__C)
                  00007508    00000004     empty_pem4f.oem4f (.const:ti_sysbios_knl_Semaphore_Instance_State_pendQ__O)
                  0000750c    00000004     empty_pem4f.oem4f (.const:ti_sysbios_knl_Semaphore_Module__diagsEnabled__C)
                  00007510    00000004     empty_pem4f.oem4f (.const:ti_sysbios_knl_Semaphore_Module__diagsIncluded__C)
                  00007514    00000004     empty_pem4f.oem4f (.const:ti_sysbios_knl_Semaphore_Module__diagsMask__C)
                  00007518    00000004     empty_pem4f.oem4f (.const:ti_sysbios_knl_Swi_Object__count__C)
                  0000751c    00000004     empty_pem4f.oem4f (.const:ti_sysbios_knl_Task_E_spOutOfBounds__C)
                  00007520    00000004     empty_pem4f.oem4f (.const:ti_sysbios_knl_Task_E_stackOverflow__C)
                  00007524    00000004     empty_pem4f.oem4f (.const:ti_sysbios_knl_Task_Module_State_inactiveQ__O)
                  00007528    00000004     empty_pem4f.oem4f (.const:ti_sysbios_knl_Task_Object__count__C)
                  0000752c    00000004     empty_pem4f.oem4f (.const:ti_sysbios_knl_Task_allBlockedFunc__C)
                  00007530    00000004     empty_pem4f.oem4f (.const:ti_sysbios_knl_Task_numConstructedTasks__C)
                  00007534    00000004     empty_pem4f.oem4f (.const:xdc_runtime_Assert_E_assertFailed__C)
                  00007538    00000004     empty_pem4f.oem4f (.const:xdc_runtime_Core_A_initializedParams__C)
                  0000753c    00000004     empty_pem4f.oem4f (.const:xdc_runtime_Core_Module__diagsEnabled__C)
                  00007540    00000004     empty_pem4f.oem4f (.const:xdc_runtime_Core_Module__diagsIncluded__C)
                  00007544    00000004     empty_pem4f.oem4f (.const:xdc_runtime_Core_Module__diagsMask__C)
                  00007548    00000004     empty_pem4f.oem4f (.const:xdc_runtime_Error_E_memory__C)
                  0000754c    00000004     empty_pem4f.oem4f (.const:xdc_runtime_Error_Module__diagsEnabled__C)
                  00007550    00000004     empty_pem4f.oem4f (.const:xdc_runtime_Error_Module__diagsIncluded__C)
                  00007554    00000004     empty_pem4f.oem4f (.const:xdc_runtime_Error_Module__diagsMask__C)
                  00007558    00000004     empty_pem4f.oem4f (.const:xdc_runtime_Error_Module__loggerFxn8__C)
                  0000755c    00000004     empty_pem4f.oem4f (.const:xdc_runtime_Error_Module__loggerObj__C)
                  00007560    00000004     empty_pem4f.oem4f (.const:xdc_runtime_Error_policyFxn__C)
                  00007564    00000004     empty_pem4f.oem4f (.const:xdc_runtime_Error_raiseHook__C)
                  00007568    00000004     empty_pem4f.oem4f (.const:xdc_runtime_IGateProvider_Interface__BASE__C)
                  0000756c    00000004     empty_pem4f.oem4f (.const:xdc_runtime_IHeap_Interface__BASE__C)
                  00007570    00000004     empty_pem4f.oem4f (.const:xdc_runtime_IModule_Interface__BASE__C)
                  00007574    00000004     empty_pem4f.oem4f (.const:xdc_runtime_Log_L_error__C)
                  00007578    00000004     empty_pem4f.oem4f (.const:xdc_runtime_Memory_defaultHeapInstance__C)
                  0000757c    00000004     empty_pem4f.oem4f (.const:xdc_runtime_Startup_execImpl__C)
                  00007580    00000004     empty_pem4f.oem4f (.const:xdc_runtime_Startup_maxPasses__C)
                  00007584    00000004     empty_pem4f.oem4f (.const:xdc_runtime_Startup_sfxnRts__C)
                  00007588    00000004     empty_pem4f.oem4f (.const:xdc_runtime_Startup_sfxnTab__C)
                  0000758c    00000004     empty_pem4f.oem4f (.const:xdc_runtime_SysMin_bufSize__C)
                  00007590    00000004     empty_pem4f.oem4f (.const:xdc_runtime_SysMin_outputFunc__C)
                  00007594    00000004     empty_pem4f.oem4f (.const:xdc_runtime_System_Module__gateObj__C)
                  00007598    00000004     empty_pem4f.oem4f (.const:xdc_runtime_System_abortFxn__C)
                  0000759c    00000004     empty_pem4f.oem4f (.const:xdc_runtime_System_exitFxn__C)
                  000075a0    00000004     empty_pem4f.oem4f (.const:xdc_runtime_System_extendFxn__C)
                  000075a4    00000004     empty_pem4f.oem4f (.const:xdc_runtime_System_maxAtexitHandlers__C)
                  000075a8    00000004     empty_pem4f.oem4f (.const:xdc_runtime_Text_charTab__C)
                  000075ac    00000004     empty_pem4f.oem4f (.const:xdc_runtime_Text_nameEmpty__C)
                  000075b0    00000004     empty_pem4f.oem4f (.const:xdc_runtime_Text_nameStatic__C)
                  000075b4    00000004     empty_pem4f.oem4f (.const:xdc_runtime_Text_nameUnknown__C)
                  000075b8    00000004     empty_pem4f.oem4f (.const:xdc_runtime_Text_nodeTab__C)
                  000075bc    00000004     empty_pem4f.oem4f (.const:xdc_runtime_Text_visitRopeFxn__C)
                  000075c0    00000002     empty_pem4f.oem4f (.const:ti_sysbios_family_arm_m3_Hwi_Module__id__C)
                  000075c2    00000002     empty_pem4f.oem4f (.const:ti_sysbios_gates_GateMutex_Module__id__C)
                  000075c4    00000002     empty_pem4f.oem4f (.const:ti_sysbios_hal_Hwi_Module__id__C)
                  000075c6    00000002     empty_pem4f.oem4f (.const:ti_sysbios_heaps_HeapMem_Module__id__C)
                  000075c8    00000002     empty_pem4f.oem4f (.const:ti_sysbios_knl_Semaphore_Module__id__C)
                  000075ca    00000002     empty_pem4f.oem4f (.const:ti_sysbios_knl_Task_Module__id__C)
                  000075cc    00000002     empty_pem4f.oem4f (.const:xdc_runtime_Core_Module__id__C)
                  000075ce    00000002     empty_pem4f.oem4f (.const:xdc_runtime_Error_Module__loggerDefined__C)
                  000075d0    00000002     empty_pem4f.oem4f (.const:xdc_runtime_Error_maxDepth__C)
                  000075d2    00000002     empty_pem4f.oem4f (.const:xdc_runtime_Memory_Module__id__C)
                  000075d4    00000002     empty_pem4f.oem4f (.const:xdc_runtime_SysMin_flushAtExit__C)
                  000075d6    00000002     empty_pem4f.oem4f (.const:xdc_runtime_Text_charCnt__C)
                  000075d8    00000002     empty_pem4f.oem4f (.const:xdc_runtime_Text_isLoaded__C)
                  000075da    00000002     empty_pem4f.oem4f (.const:xdc_runtime_Text_registryModsLastId__C)
                  000075dc    00000002     empty_pem4f.oem4f (.const:xdc_runtime_Text_unnamedModsLastId__C)

.cinit     0    000075e0    000003dc     
                  000075e0    0000039d     (.cinit..data.load) [load image, compression = rle]
                  0000797d    00000003     --HOLE-- [fill = 0]
                  00007980    0000000b     (.cinit..bss.load) [load image, compression = rle]
                  0000798b    00000005     --HOLE-- [fill = 0]
                  00007990    0000000b     (.cinit..vecs.load) [load image, compression = rle]
                  0000799b    00000001     --HOLE-- [fill = 0]
                  0000799c    00000008     (__TI_handler_table)
                  000079a4    00000018     (__TI_cinit_table)

.resetVecs 
*          0    00000000    0000003c     
                  00000000    0000003c     empty_pem4f.oem4f (.resetVecs)

.vecs      0    20000000    00000140     UNINITIALIZED
                  20000000    00000140     empty_pem4f.oem4f (.vecs)

.bss       0    20000140    00000918     UNINITIALIZED
                  20000140    00000400     (.common:ti_sysbios_heaps_HeapMem_Instance_State_0_buf__A)
                  20000540    00000200     empty_pem4f.oem4f (.bss:taskStackSection)
                  20000740    00000140     (.common:ti_sysbios_family_arm_m3_Hwi_dispatchTable)
                  20000880    00000120     rtsv7M4_T_le_v4SPD16_eabi.lib : trgmsg.obj (.bss:_CIOBUF_)
                  200009a0    00000080     (.common:xdc_runtime_SysMin_Module_State_0_outbuf__A)
                  20000a20    00000030     drivers_MSP432P401R.aem4f : GPIOMSP432.oem4f (.bss:gpioCallbackInfo)
                  20000a50    00000008     rtsv7M4_T_le_v4SPD16_eabi.lib : trgdrv.obj (.bss:parmbuf)

.data      0    20000a58    00000505     UNINITIALIZED
                  20000a58    0000009c     drivers_MSP432P401R.aem4f : PowerMSP432.oem4f (.data:PowerMSP432_perfLevels)
                  20000af4    00000080     empty_pem4f.oem4f (.data:ti_sysbios_knl_Swi_Module_State_0_readyQ__A)
                  20000b74    00000080     empty_pem4f.oem4f (.data:ti_sysbios_knl_Task_Module_State_0_readyQ__A)
                  20000bf4    0000004c     empty_pem4f.oem4f (.data:ti_sysbios_family_arm_msp432_Timer_Object__table__V)
                  20000c40    0000004c     empty_pem4f.oem4f (.data:ti_sysbios_knl_Task_Object__table__V)
                  20000c8c    00000044     empty_pem4f.oem4f (.data:ti_sysbios_knl_Task_Module__state__V)
                  20000cd0    00000038     empty_pem4f.oem4f (.data:ti_sysbios_gates_GateMutex_Object__table__V)
                  20000d08    00000034     empty_pem4f.oem4f (.data:ti_sysbios_family_arm_m3_Hwi_Module__state__V)
                  20000d3c    00000030     msp432p4xx_driverlib.lib : gpio.o (.data:GPIO_PORT_TO_BASE)
                  20000d6c    00000030     empty_pem4f.oem4f (.data:ti_sysbios_knl_Swi_Object__table__V)
                  20000d9c    0000002c     empty_pem4f.oem4f (.data:ti_sysbios_knl_Clock_Module__state__V)
                  20000dc8    00000028     drivers_MSP432P401R.aem4f : PowerMSP432.oem4f (.data:PowerMSP432_module)
                  20000df0    00000024     empty_pem4f.oem4f (.data:ti_sysbios_BIOS_Module__state__V)
                  20000e14    00000020     empty_pem4f.oem4f (.data:ti_sysbios_family_arm_msp432_Timer_Module_State_0_device__A)
                  20000e34    0000001c     MSP_EXP432P401R.obj (.data:gpioPinConfigs)
                  20000e50    0000001c     empty_pem4f.oem4f (.data:ti_sysbios_knl_Swi_Module__state__V)
                  20000e6c    00000018     empty_pem4f.oem4f (.data:ti_sysbios_family_arm_m3_Hwi_Object__table__V)
                  20000e84    00000018     empty_pem4f.oem4f (.data:ti_sysbios_heaps_HeapMem_Object__table__V)
                  20000e9c    00000010     empty_pem4f.oem4f (.data:ti_sysbios_family_arm_msp432_Timer_Module_State_0_handles__A)
                  20000eac    0000000c     rtsv7M4_T_le_v4SPD16_eabi.lib : exit.obj (.data:$O1$$)
                  20000eb8    0000000c     empty_pem4f.oem4f (.data:ti_sysbios_family_arm_msp432_ClockFreqs_Module__state__V)
                  20000ec4    0000000c     empty_pem4f.oem4f (.data:ti_sysbios_family_arm_msp432_Timer_Module__state__V)
                  20000ed0    0000000c     empty_pem4f.oem4f (.data:xdc_runtime_SysMin_Module__state__V)
                  20000edc    00000008     rtsv7M4_T_le_v4SPD16_eabi.lib : _lock.obj (.data:$O1$$)
                  20000ee4    00000008     MSP_EXP432P401R.obj (.data:gpioCallbackFunctions)
                  20000eec    00000008     empty_pem4f.oem4f (.data:ti_sysbios_family_arm_m3_Hwi_Module__root__V)
                  20000ef4    00000008     empty_pem4f.oem4f (.data:ti_sysbios_gates_GateHwi_Module__root__V)
                  20000efc    00000008     empty_pem4f.oem4f (.data:ti_sysbios_gates_GateMutex_Module__root__V)
                  20000f04    00000008     empty_pem4f.oem4f (.data:ti_sysbios_heaps_HeapMem_Module__root__V)
                  20000f0c    00000008     empty_pem4f.oem4f (.data:ti_sysbios_knl_Queue_Module__root__V)
                  20000f14    00000008     empty_pem4f.oem4f (.data:ti_sysbios_knl_Semaphore_Module__root__V)
                  20000f1c    00000008     empty_pem4f.oem4f (.data:xdc_runtime_Registry_Module__state__V)
                  20000f24    00000008     empty_pem4f.oem4f (.data:xdc_runtime_Startup_Module__state__V)
                  20000f2c    00000008     empty_pem4f.oem4f (.data:xdc_runtime_System_Module_State_0_atexitHandlers__A)
                  20000f34    00000008     empty_pem4f.oem4f (.data:xdc_runtime_System_Module__state__V)
                  20000f3c    00000004     X9C104.obj (.data)
                  20000f40    00000004     rtsv7M4_T_le_v4SPD16_eabi.lib : stkdepth_vars.obj (.data)
                  20000f44    00000004     empty_pem4f.oem4f (.data:ti_sysbios_family_arm_m3_Hwi_Module_State_0_excContext__A)
                  20000f48    00000004     empty_pem4f.oem4f (.data:ti_sysbios_family_arm_m3_Hwi_Module_State_0_excStack__A)
                  20000f4c    00000004     empty_pem4f.oem4f (.data:ti_sysbios_gates_GateHwi_Object__table__V)
                  20000f50    00000004     empty_pem4f.oem4f (.data:ti_sysbios_knl_Task_Module_State_0_idleTask__A)
                  20000f54    00000004     empty_pem4f.oem4f (.data:xdc_runtime_Memory_Module__state__V)
                  20000f58    00000002     empty_pem4f.oem4f (.data:ti_sysbios_family_arm_m3_Hwi_Module_State_0_excActive__A)
                  20000f5a    00000002     empty_pem4f.oem4f (.data:xdc_runtime_Error_Module__state__V)
                  20000f5c    00000001     drivers_MSP432P401R.aem4f : GPIOMSP432.oem4f (.data)

.stack     0    2000fd00    00000300     UNINITIALIZED
                  2000fd00    00000300     --HOLE--

.bootVecs 
*          0    00000000    00000008     DSECT
                  00000000    00000008     boot.aem4f : boot.oem4f (.bootVecs)

xdc.meta   0    00000000    000000e7     COPY SECTION
                  00000000    000000e7     empty_pem4f.oem4f (xdc.meta)

.binit     0    00000000    00000000     

MODULE SUMMARY

       Module                     code    ro data   rw data
       ------                     ----    -------   -------
    .\
       MSP_EXP432P401R.obj        16      36        36     
       main.obj                   56      0         0      
    +--+--------------------------+-------+---------+---------+
       Total:                     72      36        36     
                                                           
    .\X9C104\
       X9C104.obj                 140     0         4      
    +--+--------------------------+-------+---------+---------+
       Total:                     140     0         4      
                                                           
    C:\Users\j\workspace_v6_2\DigiPotMSP432P401R\Debug\configPkg\package\cfg\
       empty_pem4f.oem4f          1556    7454      3280   
    +--+--------------------------+-------+---------+---------+
       Total:                     1556    7454      3280   
                                                           
    C:/ti/tirtos_msp43x_2_20_00_06/products/msp432_driverlib_3_21_00_05/driverlib/MSP432P4xx/ccs/msp432p4xx_driverlib.lib
       pcm.o                      1214    0         0      
       gpio.o                     424     0         48     
       cs.o                       260     0         0      
       flash.o                    156     0         0      
       rtc_c.o                    72      0         0      
       wdt_a.o                    44      0         0      
       cpu.o                      28      0         0      
    +--+--------------------------+-------+---------+---------+
       Total:                     2198    0         48     
                                                           
    C:/ti/tirtos_msp43x_2_20_00_06/products/tidrivers_msp43x_2_20_00_08/packages/ti/drivers/lib/drivers_MSP432P401R.aem4f
       PowerMSP432.oem4f          1016    0         196    
       GPIOMSP432.oem4f           748     12        49     
       List.oem4f                 8       0         0      
    +--+--------------------------+-------+---------+---------+
       Total:                     1772    12        245    
                                                           
    C:/ti/tirtos_msp43x_2_20_00_06/products/tidrivers_msp43x_2_20_00_08/packages/ti/drivers/lib/power_tirtos_MSP432P401R.aem4f
       PowerMSP432_tirtos.oem4f   106     0         0      
    +--+--------------------------+-------+---------+---------+
       Total:                     106     0         0      
                                                           
    C:/ti/tirtos_msp43x_2_20_00_06/products/tidrivers_msp43x_2_20_00_08/packages/ti/drivers/ports/lib/tirtosport.aem4f
       HwiP_tirtos.oem4f          116     0         0      
    +--+--------------------------+-------+---------+---------+
       Total:                     116     0         0      
                                                           
    C:\Users\j\workspace_v6_2\DigiPotMSP432P401R\src\sysbios\sysbios.aem4f
       BIOS.obj                   10006   0         0      
       m3_Hwi_asm.obj             306     0         0      
       m3_TaskSupport_asm.obj     180     0         0      
       m3_Hwi_asm_switch.obj      118     0         0      
    +--+--------------------------+-------+---------+---------+
       Total:                     10610   0         0      
                                                           
    C:\ti\ccsv6\tools\compiler\ti-cgt-arm_15.12.4.LTS\lib\rtsv7M4_T_le_v4SPD16_eabi.lib
       trgdrv.obj                 804     0         8      
       trgmsg.obj                 104     0         288    
       memcpy_t2.obj              156     0         0      
       memset_t2.obj              122     0         0      
       copy_decompress_rle.obj    112     0         0      
       exit.obj                   84      0         12     
       cpy_tbl.obj                76      0         0      
       u_divt2.obj                64      0         0      
       _lock.obj                  20      0         8      
       args_main.obj              24      0         0      
       strcpy.obj                 20      0         0      
       strlen.obj                 20      0         0      
       copy_decompress_none.obj   14      0         0      
       stkdepth_vars.obj          0       0         4      
       i_div0.obj                 2       0         0      
    +--+--------------------------+-------+---------+---------+
       Total:                     1622    0         320    
                                                           
    C:\ti\tirtos_msp43x_2_20_00_06\products\bios_6_46_00_23\packages\ti\targets\arm\rtsarm\lib\auto_init.aem4f
       auto_init.oem4f            160     0         0      
    +--+--------------------------+-------+---------+---------+
       Total:                     160     0         0      
                                                           
    C:\ti\tirtos_msp43x_2_20_00_06\products\bios_6_46_00_23\packages\ti\targets\arm\rtsarm\lib\boot.aem4f
       boot.oem4f                 88      0         0      
    +--+--------------------------+-------+---------+---------+
       Total:                     88      0         0      
                                                           
    C:\ti\tirtos_msp43x_2_20_00_06\products\bios_6_46_00_23\packages\ti\targets\arm\rtsarm\lib\ti.targets.arm.rtsarm.aem4f
       System.oem4f               1255    0         0      
       Text.oem4f                 672     0         0      
       Error.oem4f                524     0         0      
       Core-mem.oem4f             358     0         0      
       Startup.oem4f              340     0         0      
       SysMin.oem4f               248     0         0      
       Core-smem.oem4f            204     0         0      
       Memory.oem4f               176     0         0      
       Assert.oem4f               84      0         0      
       Core-params.oem4f          70      0         0      
       Core-label.oem4f           52      0         0      
       Registry.oem4f             32      0         0      
       Gate.oem4f                 28      0         0      
    +--+--------------------------+-------+---------+---------+
       Total:                     4043    0         0      
                                                           
       Stack:                     0       0         768    
       Linker Generated:          0       979       0      
    +--+--------------------------+-------+---------+---------+
       Grand Total:               22483   8481      4701   


LINKER GENERATED COPY TABLES

__TI_cinit_table @ 000079a4 records: 3, size/record: 8, table size: 24
	.data: load addr=000075e0, load size=0000039d bytes, run addr=20000a58, run size=00000505 bytes, compression=rle
	.bss: load addr=00007980, load size=0000000b bytes, run addr=20000140, run size=00000918 bytes, compression=rle
	.vecs: load addr=00007990, load size=0000000b bytes, run addr=20000000, run size=00000140 bytes, compression=rle


LINKER GENERATED HANDLER TABLE

__TI_handler_table @ 0000799c records: 2, size/record: 4, table size: 8
	index: 0, handler: __TI_decompress_rle24
	index: 1, handler: __TI_decompress_none


GLOBAL SYMBOLS: SORTED ALPHABETICALLY BY Name 

address   name                                                        
-------   ----                                                        
00003d29  C$$EXIT                                                     
0000371f  C$$IO$$                                                     
00005763  CPU_cpsid                                                   
0000576f  CPU_cpsie                                                   
00001245  CPU_wfi                                                     
000025a5  CS_initClockSignal                                          
00004e75  CS_setDCOCenteredFrequency                                  
00004461  FlashCtl_disableReadBuffering                               
00004779  FlashCtl_enableReadBuffering                                
00004d85  FlashCtl_setWaitState                                       
000073f0  GPIOMSP432_config                                           
00005385  GPIO_clearInterruptFlag                                     
00004dad  GPIO_enableInt                                              
000054d9  GPIO_enableInterrupt                                        
000048f5  GPIO_getEnabledInterruptStatus                              
00005605  GPIO_getInterruptStatus                                     
00003c81  GPIO_hwiIntFxn                                              
000038e9  GPIO_init                                                   
0000504d  GPIO_interruptEdgeSelect                                    
00004bf9  GPIO_setAsInputPin                                          
00004925  GPIO_setAsInputPinWithPullDownResistor                      
00004955  GPIO_setAsInputPinWithPullUpResistor                        
00004e99  GPIO_setAsOutputPin                                         
00003cd5  GPIO_setCallback                                            
00001c59  GPIO_setConfig                                              
000054ed  GPIO_setDriveStrengthHigh                                   
0000539d  GPIO_setDriveStrengthLow                                    
00005501  GPIO_setOutputHighOnPin                                     
000053b5  GPIO_setOutputLowOnPin                                      
00004985  GPIO_toggle                                                 
00005515  GPIO_toggleOutputOnPin                                      
00003e81  GPIO_write                                                  
00000a93  HOSTclock                                                   
00000a5b  HOSTclose                                                   
00000a1d  HOSTgetenv                                                  
000009c1  HOSTlseek                                                   
0000096f  HOSTopen                                                    
00000923  HOSTread                                                    
000008c5  HOSTrename                                                  
0000088b  HOSTtime                                                    
00000841  HOSTtime64                                                  
00000809  HOSTunlink                                                  
000007bd  HOSTwrite                                                   
00005719  HwiP_Params_init                                            
00003825  HwiP_create                                                 
0000182d  HwiP_disable                                                
00005871  HwiP_restore                                                
000019a5  List_head                                                   
00001b0d  List_next                                                   
00005839  MSP_EXP432P401R_initGPIO                                    
00005841  MSP_EXP432P401R_initGeneral                                 
000051b1  PCM_enableRudeMode                                          
00004c25  PCM_getCoreVoltageLevel                                     
00004d31  PCM_getPowerMode                                            
0000577d  PCM_getPowerState                                           
00004dd5  PCM_gotoLPM0                                                
000032f5  PCM_gotoLPM3                                                
00005615  PCM_gotoLPM4                                                
00005849  PCM_setPowerMode                                            
00005851  PCM_setPowerState                                           
00003ed1  PCM_shutdownDevice                                          
00007404  PowerMSP432_config                                          
0000302f  PowerMSP432_initPolicy                                      
20000dc8  PowerMSP432_module                                          
20000a58  PowerMSP432_perfLevels                                      
00004561  PowerMSP432_sleepPolicy                                     
00004c51  PowerMSP432_updateFreqs                                     
00005789  Power_getConstraintMask                                     
00005529  Power_idleFunc                                              
000042c1  Power_init                                                  
00000d8d  Power_sleep                                                 
00004ebd  RTC_C_holdClock                                             
00004ee1  RTC_C_startClock                                            
UNDEFED   SHT$$INIT_ARRAY$$Base                                       
UNDEFED   SHT$$INIT_ARRAY$$Limit                                      
4000480c  WDTCTL_SYM                                                  
000053cd  WDT_A_holdTimer                                             
0000553d  WDT_A_startTimer                                            
00000000  __ASM__                                                     
20000880  __CIOBUF_                                                   
00000063  __ISA__                                                     
00000076  __PLAT__                                                    
20010000  __STACK_END                                                 
00000300  __STACK_SIZE                                                
00000099  __TARG__                                                    
000079a4  __TI_CINIT_Base                                             
000079bc  __TI_CINIT_Limit                                            
0000799c  __TI_Handler_Table_Base                                     
000079a4  __TI_Handler_Table_Limit                                    
00002c79  __TI_auto_init                                              
20000eac  __TI_cleanup_ptr                                            
00005727  __TI_decompress_none                                        
0000345b  __TI_decompress_rle24                                       
20000eb0  __TI_dtors_ptr                                              
20000eb4  __TI_enable_exit_profile_output                             
ffffffff  __TI_pprof_out_hndl                                         
ffffffff  __TI_prof_data_size                                         
ffffffff  __TI_prof_data_start                                        
00003723  __TI_readmsg                                                
000075e0  __TI_static_base__                                          
000036f1  __TI_writemsg                                               
000000bf  __TRDR__                                                    
000033eb  __aeabi_idiv0                                               
00003371  __aeabi_memclr                                              
00003371  __aeabi_memclr4                                             
00003371  __aeabi_memclr8                                             
00002db9  __aeabi_memcpy                                              
00002db9  __aeabi_memcpy4                                             
00002db9  __aeabi_memcpy8                                             
00003373  __aeabi_memset                                              
00003373  __aeabi_memset4                                             
00003373  __aeabi_memset8                                             
000044e1  __aeabi_uidiv                                               
000044e1  __aeabi_uidivmod                                            
ffffffff  __binit__                                                   
ffffffff  __c_args__                                                  
2000fd00  __stack                                                     
000053e5  _args_main                                                  
00003b79  _c_int00                                                    
20000edc  _lock                                                       
0000555f  _nop                                                        
00005557  _register_lock                                              
00005551  _register_unlock                                            
20000ee0  _unlock                                                     
00003d2d  abort                                                       
ffffffff  binit                                                       
00003945  changeResistanceBtnFxn                                      
000049b5  changeWiperDirBtnFxn                                        
00004011  copy_in                                                     
20000f3c  count                                                       
00003d35  exit                                                        
20000ee4  gpioCallbackFunctions                                       
20000e34  gpioPinConfigs                                              
0000465d  main                                                        
20000f40  main_func_sp                                                
00002db9  memcpy                                                      
00003379  memset                                                      
000056b9  osi_TaskDisable                                             
00005649  osi_start                                                   
00005565  strcpy                                                      
00005579  strlen                                                      
20000df0  ti_sysbios_BIOS_Module__state__V                            
000052e9  ti_sysbios_BIOS_RtsGateProxy_Handle__label__S               
00004f95  ti_sysbios_BIOS_RtsGateProxy_Object__delete__S              
0000282d  ti_sysbios_BIOS_RtsGateProxy_enter__E                       
000028ed  ti_sysbios_BIOS_RtsGateProxy_leave__E                       
000058a9  ti_sysbios_BIOS_RtsGateProxy_query__E                       
000049e5  ti_sysbios_BIOS_atExitFunc__I                               
00004f05  ti_sysbios_BIOS_errorRaiseHook__I                           
000054c1  ti_sysbios_BIOS_exitFunc__I                                 
000058b9  ti_sysbios_BIOS_linkedWithIncorrectBootLibrary__E           
000036ef  ti_sysbios_BIOS_nullFunc__I                                 
00004f29  ti_sysbios_BIOS_registerRTSLock__I                          
00004f4d  ti_sysbios_BIOS_removeRTSLock__I                            
0000506d  ti_sysbios_BIOS_rtsLock__I                                  
000053fd  ti_sysbios_BIOS_rtsUnlock__I                                
00005629  ti_sysbios_BIOS_setCpuFreq__E                               
00005639  ti_sysbios_BIOS_setThreadType__E                            
00004a15  ti_sysbios_BIOS_startFunc__I                                
00005649  ti_sysbios_BIOS_start__E                                    
00007464  ti_sysbios_family_arm_m3_Hwi_E_NMI__C                       
00007468  ti_sysbios_family_arm_m3_Hwi_E_alreadyDefined__C            
0000746c  ti_sysbios_family_arm_m3_Hwi_E_busFault__C                  
00007470  ti_sysbios_family_arm_m3_Hwi_E_debugMon__C                  
00007474  ti_sysbios_family_arm_m3_Hwi_E_hardFault__C                 
00007478  ti_sysbios_family_arm_m3_Hwi_E_memFault__C                  
0000747c  ti_sysbios_family_arm_m3_Hwi_E_noIsr__C                     
00007480  ti_sysbios_family_arm_m3_Hwi_E_reserved__C                  
00007484  ti_sysbios_family_arm_m3_Hwi_E_svCall__C                    
00007488  ti_sysbios_family_arm_m3_Hwi_E_usageFault__C                
000052b5  ti_sysbios_family_arm_m3_Hwi_Handle__label__S               
000047b1  ti_sysbios_family_arm_m3_Hwi_Instance_finalize__E           
00003031  ti_sysbios_family_arm_m3_Hwi_Instance_init__E               
20000f58  ti_sysbios_family_arm_m3_Hwi_Module_State_0_excActive__A    
20000f44  ti_sysbios_family_arm_m3_Hwi_Module_State_0_excContext__A   
20000f48  ti_sysbios_family_arm_m3_Hwi_Module_State_0_excStack__A     
000075c0  ti_sysbios_family_arm_m3_Hwi_Module__id__C                  
20000eec  ti_sysbios_family_arm_m3_Hwi_Module__root__V                
00005415  ti_sysbios_family_arm_m3_Hwi_Module__startupDone__F         
00005415  ti_sysbios_family_arm_m3_Hwi_Module__startupDone__S         
20000d08  ti_sysbios_family_arm_m3_Hwi_Module__state__V               
00003f21  ti_sysbios_family_arm_m3_Hwi_Module_startup__E              
0000748c  ti_sysbios_family_arm_m3_Hwi_NUM_INTERRUPTS__C              
000072c8  ti_sysbios_family_arm_m3_Hwi_Object__DESC__C                
[...]
0000555f  _nop                                                        
00005565  strcpy                                                      
00005579  strlen                                                      
0000558d  ti_sysbios_family_arm_m3_Hwi_Object__get__S                 
000055a1  ti_sysbios_family_arm_m3_Hwi_switchFromBootStack__E         
000055a1  ti_sysbios_hal_Hwi_HwiProxy_switchFromBootStack__E          
000055b5  ti_sysbios_heaps_HeapMem_Object__get__S                     
000055c9  ti_sysbios_knl_Swi_Object__get__S                           
000055e1  ti_sysbios_hal_Hwi_Module_startup__E                        
000055f3  xdc_runtime_Startup_exec__I                                 
00005605  GPIO_getInterruptStatus                                     
00005615  PCM_gotoLPM4                                                
00005629  ti_sysbios_BIOS_setCpuFreq__E                               
00005639  ti_sysbios_BIOS_setThreadType__E                            
00005649  osi_start                                                   
00005649  ti_sysbios_BIOS_start__E                                    
00005659  ti_sysbios_family_arm_m3_TaskSupport_glue                   
00005669  ti_sysbios_family_arm_msp432_init_Boot_disableWatchdog      
00005679  ti_sysbios_gates_GateMutex_Instance_finalize__E             
00005689  ti_sysbios_knl_Semaphore_Instance_finalize__E               
00005699  ti_sysbios_knl_Swi_disable__E                               
000056a9  ti_sysbios_knl_Task_Object__get__S                          
000056b9  osi_TaskDisable                                             
000056b9  ti_sysbios_knl_Task_disable__E                              
000056c9  xdc_runtime_Gate_leaveSystem__E                             
000056d9  xdc_runtime_Memory_free__E                                  
000056e9  xdc_runtime_SysMin_ready__E                                 
000056e9  xdc_runtime_System_SupportProxy_ready__E                    
000056f9  xdc_runtime_System_vsnprintf__E                             
00005709  xdc_runtime_Text_visitRope__I                               
00005719  HwiP_Params_init                                            
00005727  __TI_decompress_none                                        
00005739  ti_sysbios_knl_Idle_loop__E                                 
00005749  ti_sysbios_knl_Queue_empty__E                               
00005757  ti_sysbios_family_arm_msp432_init_Boot_init__I              
00005757  xdc_runtime_Startup_reset__I                                
00005763  CPU_cpsid                                                   
0000576f  CPU_cpsie                                                   
0000577d  PCM_getPowerState                                           
00005789  Power_getConstraintMask                                     
00005795  ti_sysbios_family_arm_m3_Hwi_Params__init__S                
00005795  ti_sysbios_hal_Hwi_HwiProxy_Params__init__S                 
000057a1  ti_sysbios_family_arm_m3_Hwi_disableFxn__E                  
000057a1  ti_sysbios_hal_Hwi_HwiProxy_disable__E                      
000057b1  ti_sysbios_family_arm_m3_TaskSupport_checkStack__E          
000057b1  ti_sysbios_knl_Task_SupportProxy_checkStack__E              
000057c1  ti_sysbios_family_arm_msp432_Timer_getMaxTicks__E           
000057d1  ti_sysbios_gates_GateHwi_enter__E                           
000057dd  ti_sysbios_knl_Queue_Object__get__S                         
000057e9  xdc_runtime_Error_init__E                                   
000057f5  xdc_runtime_Gate_enterSystem__E                             
00005801  xdc_runtime_Memory_calloc__E                                
0000580d  xdc_runtime_Memory_getMaxDefaultTypeAlign__E                
00005819  xdc_runtime_Startup_rtsDone__E                              
00005825  xdc_runtime_Memory_HeapProxy_alloc__E                       
0000582f  xdc_runtime_Memory_HeapProxy_free__E                        
00005839  MSP_EXP432P401R_initGPIO                                    
00005841  MSP_EXP432P401R_initGeneral                                 
00005849  PCM_setPowerMode                                            
00005851  PCM_setPowerState                                           
00005859  ti_sysbios_family_arm_m3_Hwi_doSwiRestore__I                
00005861  ti_sysbios_family_arm_m3_Hwi_startup__E                     
00005861  ti_sysbios_hal_Hwi_HwiProxy_startup__E                      
00005869  ti_sysbios_family_arm_m3_Hwi_doTaskRestore__I               
00005871  HwiP_restore                                                
00005871  ti_sysbios_family_arm_m3_Hwi_restoreFxn__E                  
00005871  ti_sysbios_hal_Hwi_HwiProxy_restore__E                      
00005879  ti_sysbios_gates_GateHwi_leave__E                           
00005881  ti_sysbios_heaps_HeapMem_isBlocking__E                      
00005889  ti_sysbios_knl_Queue_Instance_init__E                       
00005891  ti_sysbios_knl_Swi_startup__E                               
00005897  xdc_runtime_System_Module_startup__E                        
000058a1  ti_sysbios_gates_GateHwi_query__E                           
000058a1  xdc_runtime_Main_Module_GateProxy_query__E                  
000058a1  xdc_runtime_System_Module_GateProxy_query__E                
000058a9  ti_sysbios_BIOS_RtsGateProxy_query__E                       
000058a9  ti_sysbios_gates_GateMutex_query__E                         
000058a9  ti_sysbios_heaps_HeapMem_Module_GateProxy_query__E          
000058b1  ti_sysbios_knl_Task_startup__E                              
000058b9  ti_sysbios_BIOS_linkedWithIncorrectBootLibrary__E           
000058c1  ti_sysbios_gates_GateHwi_Instance_init__E                   
000058c9  ti_sysbios_knl_Clock_logTick__E                             
000058cc  xdc_runtime_Text_charTab__A                                 
000070e7  xdc_runtime_Error_policy__C                                 
000070e8  xdc_runtime_Text_nodeTab__A                                 
000071e0  ti_sysbios_family_arm_m3_Hwi_Object__PARAMS__C              
00007210  ti_sysbios_heaps_HeapMem_Module__FXNS__C                    
00007238  ti_sysbios_gates_GateHwi_Module__FXNS__C                    
0000725c  ti_sysbios_gates_GateMutex_Module__FXNS__C                  
00007280  ti_sysbios_heaps_HeapMem_Object__PARAMS__C                  
000072a4  ti_sysbios_knl_Semaphore_Object__PARAMS__C                  
000072c8  ti_sysbios_family_arm_m3_Hwi_Object__DESC__C                
000072e8  ti_sysbios_gates_GateHwi_Object__DESC__C                    
00007308  ti_sysbios_gates_GateMutex_Object__DESC__C                  
00007328  ti_sysbios_heaps_HeapMem_Object__DESC__C                    
00007348  ti_sysbios_knl_Queue_Object__DESC__C                        
00007368  ti_sysbios_knl_Semaphore_Object__DESC__C                    
00007388  xdc_runtime_Startup_sfxnTab__A                              
000073a8  ti_sysbios_gates_GateHwi_Object__PARAMS__C                  
000073c0  ti_sysbios_gates_GateMutex_Object__PARAMS__C                
000073d8  ti_sysbios_knl_Queue_Object__PARAMS__C                      
000073f0  GPIOMSP432_config                                           
00007404  PowerMSP432_config                                          
00007414  xdc_runtime_Startup_sfxnRts__A                              
00007430  xdc_runtime_Startup_firstFxns__A                            
0000743c  ti_sysbios_family_arm_m3_Hwi_excHookFuncs__A                
00007444  ti_sysbios_knl_Idle_funcList__A                             
0000744c  ti_sysbios_knl_Idle_funcList__C                             
00007454  xdc_runtime_Startup_firstFxns__C                            
0000745c  xdc_runtime_Startup_lastFxns__C                             
00007464  ti_sysbios_family_arm_m3_Hwi_E_NMI__C                       
00007468  ti_sysbios_family_arm_m3_Hwi_E_alreadyDefined__C            
0000746c  ti_sysbios_family_arm_m3_Hwi_E_busFault__C                  
00007470  ti_sysbios_family_arm_m3_Hwi_E_debugMon__C                  
00007474  ti_sysbios_family_arm_m3_Hwi_E_hardFault__C                 
00007478  ti_sysbios_family_arm_m3_Hwi_E_memFault__C                  
0000747c  ti_sysbios_family_arm_m3_Hwi_E_noIsr__C                     
00007480  ti_sysbios_family_arm_m3_Hwi_E_reserved__C                  
00007484  ti_sysbios_family_arm_m3_Hwi_E_svCall__C                    
00007488  ti_sysbios_family_arm_m3_Hwi_E_usageFault__C                
0000748c  ti_sysbios_family_arm_m3_Hwi_NUM_INTERRUPTS__C              
00007490  ti_sysbios_family_arm_m3_Hwi_Object__count__C               
00007494  ti_sysbios_family_arm_m3_Hwi_ccr__C                         
00007498  ti_sysbios_family_arm_m3_Hwi_excHandlerFunc__C              
0000749c  ti_sysbios_family_arm_m3_Hwi_excHookFuncs__C                
000074a0  ti_sysbios_family_arm_m3_Hwi_nullIsrFunc__C                 
000074a4  ti_sysbios_family_arm_m3_Hwi_priGroup__C                    
000074a8  ti_sysbios_family_arm_msp432_Timer_numTimerDevices__C       
000074ac  ti_sysbios_family_arm_msp432_Timer_startupNeeded__C         
000074b0  ti_sysbios_gates_GateMutex_A_badContext__C                  
000074b4  ti_sysbios_gates_GateMutex_Instance_State_sem__O            
000074b8  ti_sysbios_gates_GateMutex_Module__diagsEnabled__C          
000074bc  ti_sysbios_gates_GateMutex_Module__diagsIncluded__C         
000074c0  ti_sysbios_gates_GateMutex_Module__diagsMask__C             
000074c4  ti_sysbios_hal_Hwi_E_stackOverflow__C                       
000074c8  ti_sysbios_heaps_HeapMem_A_align__C                         
000074cc  ti_sysbios_heaps_HeapMem_A_heapSize__C                      
000074d0  ti_sysbios_heaps_HeapMem_A_invalidFree__C                   
000074d4  ti_sysbios_heaps_HeapMem_A_zeroBlock__C                     
000074d8  ti_sysbios_heaps_HeapMem_E_memory__C                        
000074dc  ti_sysbios_heaps_HeapMem_Module__diagsEnabled__C            
000074e0  ti_sysbios_heaps_HeapMem_Module__diagsIncluded__C           
000074e4  ti_sysbios_heaps_HeapMem_Module__diagsMask__C               
000074e8  ti_sysbios_heaps_HeapMem_Module__gateObj__C                 
000074ec  ti_sysbios_heaps_HeapMem_Object__count__C                   
000074f0  ti_sysbios_heaps_HeapMem_reqAlign__C                        
000074f4  ti_sysbios_knl_Clock_Module_State_clockQ__O                 
000074f8  ti_sysbios_knl_Semaphore_A_badContext__C                    
000074fc  ti_sysbios_knl_Semaphore_A_noEvents__C                      
00007500  ti_sysbios_knl_Semaphore_A_overflow__C                      
00007504  ti_sysbios_knl_Semaphore_A_pendTaskDisabled__C              
00007508  ti_sysbios_knl_Semaphore_Instance_State_pendQ__O            
0000750c  ti_sysbios_knl_Semaphore_Module__diagsEnabled__C            
00007510  ti_sysbios_knl_Semaphore_Module__diagsIncluded__C           
00007514  ti_sysbios_knl_Semaphore_Module__diagsMask__C               
00007518  ti_sysbios_knl_Swi_Object__count__C                         
0000751c  ti_sysbios_knl_Task_E_spOutOfBounds__C                      
00007520  ti_sysbios_knl_Task_E_stackOverflow__C                      
00007524  ti_sysbios_knl_Task_Module_State_inactiveQ__O               
00007528  ti_sysbios_knl_Task_Object__count__C                        
0000752c  ti_sysbios_knl_Task_allBlockedFunc__C                       
00007530  ti_sysbios_knl_Task_numConstructedTasks__C                  
00007534  xdc_runtime_Assert_E_assertFailed__C                        
00007538  xdc_runtime_Core_A_initializedParams__C                     
0000753c  xdc_runtime_Core_Module__diagsEnabled__C                    
00007540  xdc_runtime_Core_Module__diagsIncluded__C                   
00007544  xdc_runtime_Core_Module__diagsMask__C                       
00007548  xdc_runtime_Error_E_memory__C                               
0000754c  xdc_runtime_Error_Module__diagsEnabled__C                   
00007550  xdc_runtime_Error_Module__diagsIncluded__C                  
00007554  xdc_runtime_Error_Module__diagsMask__C                      
00007558  xdc_runtime_Error_Module__loggerFxn8__C                     
0000755c  xdc_runtime_Error_Module__loggerObj__C                      
00007560  xdc_runtime_Error_policyFxn__C                              
00007564  xdc_runtime_Error_raiseHook__C                              
00007568  xdc_runtime_IGateProvider_Interface__BASE__C                
0000756c  xdc_runtime_IHeap_Interface__BASE__C                        
00007570  xdc_runtime_IModule_Interface__BASE__C                      
00007574  xdc_runtime_Log_L_error__C                                  
00007578  xdc_runtime_Memory_defaultHeapInstance__C                   
0000757c  xdc_runtime_Startup_execImpl__C                             
00007580  xdc_runtime_Startup_maxPasses__C                            
00007584  xdc_runtime_Startup_sfxnRts__C                              
00007588  xdc_runtime_Startup_sfxnTab__C                              
0000758c  xdc_runtime_SysMin_bufSize__C                               
00007590  xdc_runtime_SysMin_outputFunc__C                            
00007594  xdc_runtime_System_Module__gateObj__C                       
00007598  xdc_runtime_System_abortFxn__C                              
0000759c  xdc_runtime_System_exitFxn__C                               
000075a0  xdc_runtime_System_extendFxn__C                             
000075a4  xdc_runtime_System_maxAtexitHandlers__C                     
000075a8  xdc_runtime_Text_charTab__C                                 
000075ac  xdc_runtime_Text_nameEmpty__C                               
000075b0  xdc_runtime_Text_nameStatic__C                              
000075b4  xdc_runtime_Text_nameUnknown__C                             
000075b8  xdc_runtime_Text_nodeTab__C                                 
000075bc  xdc_runtime_Text_visitRopeFxn__C                            
000075c0  ti_sysbios_family_arm_m3_Hwi_Module__id__C                  
000075c2  ti_sysbios_gates_GateMutex_Module__id__C                    
000075c4  ti_sysbios_hal_Hwi_Module__id__C                            
000075c6  ti_sysbios_heaps_HeapMem_Module__id__C                      
000075c8  ti_sysbios_knl_Semaphore_Module__id__C                      
000075ca  ti_sysbios_knl_Task_Module__id__C                           
000075cc  xdc_runtime_Core_Module__id__C                              
000075ce  xdc_runtime_Error_Module__loggerDefined__C                  
000075d0  xdc_runtime_Error_maxDepth__C                               
000075d2  xdc_runtime_Memory_Module__id__C                            
000075d4  xdc_runtime_SysMin_flushAtExit__C                           
000075d6  xdc_runtime_Text_charCnt__C                                 
000075d8  xdc_runtime_Text_isLoaded__C                                
000075da  xdc_runtime_Text_registryModsLastId__C                      
000075dc  xdc_runtime_Text_unnamedModsLastId__C                       
000075e0  __TI_static_base__                                          
0000799c  __TI_Handler_Table_Base                                     
000079a4  __TI_CINIT_Base                                             
000079a4  __TI_Handler_Table_Limit                                    
000079bc  __TI_CINIT_Limit                                            
20000000  ti_sysbios_family_arm_m3_Hwi_ramVectors                     
20000140  ti_sysbios_heaps_HeapMem_Instance_State_0_buf__A            
20000540  ti_sysbios_knl_Task_Instance_State_0_stack__A               
20000740  ti_sysbios_family_arm_m3_Hwi_dispatchTable                  
20000880  __CIOBUF_                                                   
200009a0  xdc_runtime_SysMin_Module_State_0_outbuf__A                 
20000a58  PowerMSP432_perfLevels                                      
20000af4  ti_sysbios_knl_Swi_Module_State_0_readyQ__A                 
20000b74  ti_sysbios_knl_Task_Module_State_0_readyQ__A                
20000bf4  ti_sysbios_family_arm_msp432_Timer_Object__table__V         
20000c40  ti_sysbios_knl_Task_Object__table__V                        
20000c8c  ti_sysbios_knl_Task_Module__state__V                        
20000cd0  ti_sysbios_gates_GateMutex_Object__table__V                 
20000d08  ti_sysbios_family_arm_m3_Hwi_Module__state__V               
20000d6c  ti_sysbios_knl_Swi_Object__table__V                         
20000d9c  ti_sysbios_knl_Clock_Module__state__V                       
20000dc8  PowerMSP432_module                                          
20000df0  ti_sysbios_BIOS_Module__state__V                            
20000e14  ti_sysbios_family_arm_msp432_Timer_Module_State_0_device__A 
20000e34  gpioPinConfigs                                              
20000e50  ti_sysbios_knl_Swi_Module__state__V                         
20000e6c  ti_sysbios_family_arm_m3_Hwi_Object__table__V               
20000e84  ti_sysbios_heaps_HeapMem_Object__table__V                   
20000e9c  ti_sysbios_family_arm_msp432_Timer_Module_State_0_handles__A
20000eac  __TI_cleanup_ptr                                            
20000eb0  __TI_dtors_ptr                                              
20000eb4  __TI_enable_exit_profile_output                             
20000eb8  ti_sysbios_family_arm_msp432_ClockFreqs_Module__state__V    
20000ec4  ti_sysbios_family_arm_msp432_Timer_Module__state__V         
20000ed0  xdc_runtime_SysMin_Module__state__V                         
20000edc  _lock                                                       
20000ee0  _unlock                                                     
20000ee4  gpioCallbackFunctions                                       
20000eec  ti_sysbios_family_arm_m3_Hwi_Module__root__V                
20000ef4  ti_sysbios_gates_GateHwi_Module__root__V                    
20000efc  ti_sysbios_gates_GateMutex_Module__root__V                  
20000f04  ti_sysbios_heaps_HeapMem_Module__root__V                    
20000f0c  ti_sysbios_knl_Queue_Module__root__V                        
20000f14  ti_sysbios_knl_Semaphore_Module__root__V                    
20000f1c  xdc_runtime_Registry_Module__state__V                       
20000f24  xdc_runtime_Startup_Module__state__V                        
20000f2c  xdc_runtime_System_Module_State_0_atexitHandlers__A         
20000f34  xdc_runtime_System_Module__state__V                         
20000f3c  count                                                       
20000f40  main_func_sp                                                
20000f44  ti_sysbios_family_arm_m3_Hwi_Module_State_0_excContext__A   
20000f48  ti_sysbios_family_arm_m3_Hwi_Module_State_0_excStack__A     
20000f4c  ti_sysbios_gates_GateHwi_Object__table__V                   
20000f50  ti_sysbios_knl_Task_Module_State_0_idleTask__A              
20000f54  xdc_runtime_Memory_Module__state__V                         
20000f58  ti_sysbios_family_arm_m3_Hwi_Module_State_0_excActive__A    
20000f5a  xdc_runtime_Error_Module__state__V                          
2000fd00  __stack                                                     
20010000  __STACK_END                                                 
4000480c  WDTCTL_SYM                                                  
e000e000  ti_sysbios_family_arm_m3_Hwi_nvic                           
ffffffff  __TI_pprof_out_hndl                                         
ffffffff  __TI_prof_data_size                                         
ffffffff  __TI_prof_data_start                                        
ffffffff  __binit__                                                   
ffffffff  __c_args__                                                  
ffffffff  binit                                                       
UNDEFED   SHT$$INIT_ARRAY$$Base                                       
UNDEFED   SHT$$INIT_ARRAY$$Limit                                      

[564 symbols]
